Archive member included to satisfy reference by file (symbol)

c:/program files/microchip/xc8/v2.36/avr/bin/../lib/gcc/avr/5.4.0/../../../../avr/lib/avr5/memx-const\libm.a(cmpsf2.o)
                              main.o (__lesf2)
c:/program files/microchip/xc8/v2.36/avr/bin/../lib/gcc/avr/5.4.0/../../../../avr/lib/avr5/memx-const\libm.a(divsf3.o)
                              main.o (__divsf3)
c:/program files/microchip/xc8/v2.36/avr/bin/../lib/gcc/avr/5.4.0/../../../../avr/lib/avr5/memx-const\libm.a(divsf3x.o)
                              c:/program files/microchip/xc8/v2.36/avr/bin/../lib/gcc/avr/5.4.0/../../../../avr/lib/avr5/memx-const\libm.a(divsf3.o) (__divsf3x)
c:/program files/microchip/xc8/v2.36/avr/bin/../lib/gcc/avr/5.4.0/../../../../avr/lib/avr5/memx-const\libm.a(floatsisf.o)
                              main.o (__floatunsisf)
c:/program files/microchip/xc8/v2.36/avr/bin/../lib/gcc/avr/5.4.0/../../../../avr/lib/avr5/memx-const\libm.a(fp_cmp.o)
                              c:/program files/microchip/xc8/v2.36/avr/bin/../lib/gcc/avr/5.4.0/../../../../avr/lib/avr5/memx-const\libm.a(cmpsf2.o) (__fp_cmp)
c:/program files/microchip/xc8/v2.36/avr/bin/../lib/gcc/avr/5.4.0/../../../../avr/lib/avr5/memx-const\libm.a(fp_inf.o)
                              c:/program files/microchip/xc8/v2.36/avr/bin/../lib/gcc/avr/5.4.0/../../../../avr/lib/avr5/memx-const\libm.a(divsf3x.o) (__fp_inf)
c:/program files/microchip/xc8/v2.36/avr/bin/../lib/gcc/avr/5.4.0/../../../../avr/lib/avr5/memx-const\libm.a(fp_nan.o)
                              c:/program files/microchip/xc8/v2.36/avr/bin/../lib/gcc/avr/5.4.0/../../../../avr/lib/avr5/memx-const\libm.a(divsf3x.o) (__fp_nan)
c:/program files/microchip/xc8/v2.36/avr/bin/../lib/gcc/avr/5.4.0/../../../../avr/lib/avr5/memx-const\libm.a(fp_pscA.o)
                              c:/program files/microchip/xc8/v2.36/avr/bin/../lib/gcc/avr/5.4.0/../../../../avr/lib/avr5/memx-const\libm.a(divsf3x.o) (__fp_pscA)
c:/program files/microchip/xc8/v2.36/avr/bin/../lib/gcc/avr/5.4.0/../../../../avr/lib/avr5/memx-const\libm.a(fp_pscB.o)
                              c:/program files/microchip/xc8/v2.36/avr/bin/../lib/gcc/avr/5.4.0/../../../../avr/lib/avr5/memx-const\libm.a(divsf3x.o) (__fp_pscB)
c:/program files/microchip/xc8/v2.36/avr/bin/../lib/gcc/avr/5.4.0/../../../../avr/lib/avr5/memx-const\libm.a(fp_round.o)
                              c:/program files/microchip/xc8/v2.36/avr/bin/../lib/gcc/avr/5.4.0/../../../../avr/lib/avr5/memx-const\libm.a(divsf3.o) (__fp_round)
c:/program files/microchip/xc8/v2.36/avr/bin/../lib/gcc/avr/5.4.0/../../../../avr/lib/avr5/memx-const\libm.a(fp_split3.o)
                              c:/program files/microchip/xc8/v2.36/avr/bin/../lib/gcc/avr/5.4.0/../../../../avr/lib/avr5/memx-const\libm.a(divsf3x.o) (__fp_split3)
c:/program files/microchip/xc8/v2.36/avr/bin/../lib/gcc/avr/5.4.0/../../../../avr/lib/avr5/memx-const\libm.a(fp_zero.o)
                              c:/program files/microchip/xc8/v2.36/avr/bin/../lib/gcc/avr/5.4.0/../../../../avr/lib/avr5/memx-const\libm.a(divsf3x.o) (__fp_szero)
c:/program files/microchip/xc8/v2.36/avr/bin/../lib/gcc/avr/5.4.0/../../../../avr/lib/avr5/memx-const\libm.a(gesf2.o)
                              main.o (__gesf2)
c:/program files/microchip/xc8/v2.36/avr/bin/../lib/gcc/avr/5.4.0/avr5/memx-const\libgcc.a(_mulsi3.o)
                              main.o (__mulsi3)
c:/program files/microchip/xc8/v2.36/avr/bin/../lib/gcc/avr/5.4.0/avr5/memx-const\libgcc.a(_divmodhi4.o)
                              main.o (__divmodhi4)
c:/program files/microchip/xc8/v2.36/avr/bin/../lib/gcc/avr/5.4.0/avr5/memx-const\libgcc.a(_divmodsi4.o)
                              main.o (__divmodsi4)
c:/program files/microchip/xc8/v2.36/avr/bin/../lib/gcc/avr/5.4.0/avr5/memx-const\libgcc.a(_negsi2.o)
                              c:/program files/microchip/xc8/v2.36/avr/bin/../lib/gcc/avr/5.4.0/avr5/memx-const\libgcc.a(_divmodsi4.o) (__negsi2)
c:/program files/microchip/xc8/v2.36/avr/bin/../lib/gcc/avr/5.4.0/avr5/memx-const\libgcc.a(_copy_data.o)
                              main.o (__do_copy_data)
c:/program files/microchip/xc8/v2.36/avr/bin/../lib/gcc/avr/5.4.0/avr5/memx-const\libgcc.a(_muluhisi3.o)
                              c:/program files/microchip/xc8/v2.36/avr/bin/../lib/gcc/avr/5.4.0/avr5/memx-const\libgcc.a(_mulsi3.o) (__muluhisi3)
c:/program files/microchip/xc8/v2.36/avr/bin/../lib/gcc/avr/5.4.0/avr5/memx-const\libgcc.a(_movmemx.o)
                              main.o (__movmemx_qi)
c:/program files/microchip/xc8/v2.36/avr/bin/../lib/gcc/avr/5.4.0/avr5/memx-const\libgcc.a(_udivmodhi4.o)
                              c:/program files/microchip/xc8/v2.36/avr/bin/../lib/gcc/avr/5.4.0/avr5/memx-const\libgcc.a(_divmodhi4.o) (__udivmodhi4)
c:/program files/microchip/xc8/v2.36/avr/bin/../lib/gcc/avr/5.4.0/avr5/memx-const\libgcc.a(_udivmodsi4.o)
[...]
Memory Configuration

Name             Origin             Length             Attributes
text             0x0000000000000000 0x0000000000010000 xr
data             0x0000000000800100 0x0000000000001000 rw !x
eeprom           0x0000000000810000 0x0000000000000800 rw !x
fuse             0x0000000000820000 0x0000000000000003 rw !x
lock             0x0000000000830000 0x0000000000000400 rw !x
signature        0x0000000000840000 0x0000000000000400 rw !x
user_signatures  0x0000000000850000 0x0000000000000400 rw !x
*default*        0x0000000000000000 0xffffffffffffffff

Linker script and memory map

Address of section .data set to 0x800100
LOAD C:/Program Files (x86)/Atmel/Studio/7.0/Packs/atmel/ATmega_DFP/1.7.374/xc8/avr/lib/avr5/memx-const/crtatmega64.o
LOAD main.o
START GROUP
LOAD c:/program files/microchip/xc8/v2.36/avr/bin/../lib/gcc/avr/5.4.0/../../../../avr/lib/avr5/memx-const\libm.a
END GROUP
START GROUP
LOAD c:/program files/microchip/xc8/v2.36/avr/bin/../lib/gcc/avr/5.4.0/avr5/memx-const\libgcc.a
LOAD c:/program files/microchip/xc8/v2.36/avr/bin/../lib/gcc/avr/5.4.0/../../../../avr/lib/avr5/memx-const\libm.a
LOAD c:/program files/microchip/xc8/v2.36/avr/bin/../lib/gcc/avr/5.4.0/../../../../avr/lib/avr5/memx-const\libc.a
LOAD C:/Program Files (x86)/Atmel/Studio/7.0/Packs/atmel/ATmega_DFP/1.7.374/xc8/avr/lib/avr5/memx-const\libatmega64.a
END GROUP
                0x0000000000000000                __TEXT_REGION_ORIGIN__ = DEFINED (__TEXT_REGION_ORIGIN__)?__TEXT_REGION_ORIGIN__:0x0
                [0x0000000000800100]                __DATA_REGION_ORIGIN__ = DEFINED (__DATA_REGION_ORIGIN__)?__DATA_REGION_ORIGIN__:0x800060
                [0x0000000000010000]                __TEXT_REGION_LENGTH__ = DEFINED (__TEXT_REGION_LENGTH__)?__TEXT_REGION_LENGTH__:0x20000
                [0x0000000000001000]                __DATA_REGION_LENGTH__ = DEFINED (__DATA_REGION_LENGTH__)?__DATA_REGION_LENGTH__:0xffa0
                [0x0000000000000800]                __EEPROM_REGION_LENGTH__ = DEFINED (__EEPROM_REGION_LENGTH__)?__EEPROM_REGION_LENGTH__:0x10000
                [0x0000000000000003]                __FUSE_REGION_LENGTH__ = DEFINED (__FUSE_REGION_LENGTH__)?__FUSE_REGION_LENGTH__:0x400
                0x0000000000000400                __LOCK_REGION_LENGTH__ = DEFINED (__LOCK_REGION_LENGTH__)?__LOCK_REGION_LENGTH__:0x400
                0x0000000000000400                __SIGNATURE_REGION_LENGTH__ = DEFINED (__SIGNATURE_REGION_LENGTH__)?__SIGNATURE_REGION_LENGTH__:0x400
                0x0000000000000400                __USER_SIGNATURE_REGION_LENGTH__ = DEFINED (__USER_SIGNATURE_REGION_LENGTH__)?__USER_SIGNATURE_REGION_LENGTH__:0x400

.hash
 *(.hash)

.dynsym
 *(.dynsym)

.dynstr
 *(.dynstr)

.gnu.version
 *(.gnu.version)

.gnu.version_d
 *(.gnu.version_d)

.gnu.version_r
 *(.gnu.version_r)

.rel.init
 *(.rel.init)

.rela.init
 *(.rela.init)

.rel.text
 *(.rel.text)
 *(.rel.text.*)
 *(.rel.gnu.linkonce.t*)

.rela.text
 *(.rela.text)
 *(.rela.text.*)
 *(.rela.gnu.linkonce.t*)

.rel.fini
 *(.rel.fini)

.rela.fini
 *(.rela.fini)

.rel.rodata
 *(.rel.rodata)
 *(.rel.rodata.*)
 *(.rel.gnu.linkonce.r*)

.rela.rodata
 *(.rela.rodata)
 *(.rela.rodata.*)
 *(.rela.gnu.linkonce.r*)

.rel.data
 *(.rel.data)
 *(.rel.data.*)
 *(.rel.gnu.linkonce.d*)

.rela.data
 *(.rela.data)
 *(.rela.data.*)
 *(.rela.gnu.linkonce.d*)

.rel.ctors
 *(.rel.ctors)

.rela.ctors
 *(.rela.ctors)

.rel.dtors
 *(.rel.dtors)

.rela.dtors
 *(.rela.dtors)

.rel.got
 *(.rel.got)

.rela.got
 *(.rela.got)

.rel.bss
 *(.rel.bss)

.rela.bss
 *(.rela.bss)

.rel.plt
 *(.rel.plt)

.rela.plt
 *(.rela.plt)

.text           0x0000000000000000       0xfe
 *(.vectors)
 .vectors       0x0000000000000000       0x8c C:/Program Files (x86)/Atmel/Studio/7.0/Packs/atmel/ATmega_DFP/1.7.374/xc8/avr/lib/avr5/memx-const/crtatmega64.o
                0x0000000000000000                __vector_default
                0x0000000000000000                __vectors
 *(.vectors)
 *(.progmem.gcc*)
 *(.dinit)
 .dinit         0x000000000000008c       0x1d data_init
                0x00000000000000aa                . = ALIGN (0x2)
 *fill*         0x00000000000000a9        0x1 
                0x00000000000000aa                __trampolines_start = .
 *(.trampolines)
 .trampolines   0x00000000000000aa        0x0 linker stubs
 *(.trampolines*)
                0x00000000000000aa                __trampolines_end = .
 *libprintf_flt.a:*(.progmem.data)
 *libc.a:*(.progmem.data)
                0x00000000000000aa                . = ALIGN (0x2)
 *(.jumptables)
 *(.jumptables*)
 *(.lowtext)
 *(.lowtext*)
                0x00000000000000aa                __ctors_start = .
 *(.ctors)
                0x00000000000000aa                __ctors_end = .
                0x00000000000000aa                __dtors_start = .
 *(.dtors)
                0x00000000000000aa                __dtors_end = .
 SORT(*)(.ctors)
 SORT(*)(.dtors)
 *(.init0)
 .init0         0x00000000000000aa        0x0 C:/Program Files (x86)/Atmel/Studio/7.0/Packs/atmel/ATmega_DFP/1.7.374/xc8/avr/lib/avr5/memx-const/crtatmega64.o
                0x00000000000000aa                __init
 *(.init0)
 *(.init1)
 *(.init1)
 *(.init2)
 .init2         0x00000000000000aa        0xc C:/Program Files (x86)/Atmel/Studio/7.0/Packs/atmel/ATmega_DFP/1.7.374/xc8/avr/lib/avr5/memx-const/crtatmega64.o
 *(.init2)
 *(.init3)
 *(.init3)
 *(.init4)
 .init4         0x00000000000000b6       0x3c c:/program files/microchip/xc8/v2.36/avr/bin/../lib/gcc/avr/5.4.0/avr5/memx-const\libgcc.a(_copy_data.o)
                0x00000000000000b6                __do_copy_data
                0x00000000000000e4                __do_clear_bss
 *(.init4)
 *(.init5)
 *(.init5)
 *(.init6)
 *(.init6)
 *(.init7)
 *(.init7)
 *(.init8)
 *(.init8)
 *(.init9)
 .init9         0x00000000000000f2        0x8 C:/Program Files (x86)/Atmel/Studio/7.0/Packs/atmel/ATmega_DFP/1.7.374/xc8/avr/lib/avr5/memx-const/crtatmega64.o
 *(.init9)
                0x00000000000000fa                . = ALIGN (0x2)
 *(.fini9)
 .fini9         0x00000000000000fa        0x0 c:/program files/microchip/xc8/v2.36/avr/bin/../lib/gcc/avr/5.4.0/avr5/memx-const\libgcc.a(_exit.o)
                0x00000000000000fa                _exit
 *(.fini9)
 *(.fini8)
 *(.fini8)
 *(.fini7)
 *(.fini7)
 *(.fini6)
 *(.fini6)
 *(.fini5)
 *(.fini5)
 *(.fini4)
 *(.fini4)
 *(.fini3)
 *(.fini3)
 *(.fini2)
 *(.fini2)
 *(.fini1)
 *(.fini1)
 *(.fini0)
 .fini0         0x00000000000000fa        0x4 c:/program files/microchip/xc8/v2.36/avr/bin/../lib/gcc/avr/5.4.0/avr5/memx-const\libgcc.a(_exit.o)
 *(.fini0)
                0x00000000000000fe                _etext = .

.data           0x0000000000800100        0x0 load address 0x00000000000000fe
                [!provide]                        PROVIDE (__data_start, .)
 *(.gnu.linkonce.d*)
 *(.gnu.linkonce.r*)
                0x0000000000800100                . = ALIGN (0x2)
                0x0000000000800100                _edata = .
                [!provide]                        PROVIDE (__data_end, .)

.bss            0x0000000000800100       0x24
                [!provide]                        PROVIDE (__bss_start, .)
 *(COMMON)
 COMMON         0x0000000000800100       0x22 main.o
                0x0000000000800100                cury
                0x0000000000800101                WaterLoad
                0x0000000000800103                WaterLoad_compare_tx
                0x0000000000800105                bufvalue
                0x0000000000800107                Weather_dependence
                0x0000000000800109                Start_stop_compare
                0x000000000080010b                curx
                0x000000000080010c                Start_stop_compare_tx
                0x000000000080010e                Weather_dependence_Mode
                0x0000000000800110                textx
                0x0000000000800111                WaterTemp
                0x0000000000800113                Start_stop
                0x0000000000800115                adc2
                0x0000000000800117                AirTemp
                0x0000000000800119                ch
                0x000000000080011f                texty
                0x0000000000800120                Water_Load_tx
 COMMON         0x0000000000800122        0x2 c:/program files/microchip/xc8/v2.36/avr/bin/../lib/gcc/avr/5.4.0/../../../../avr/lib/avr5/memx-const\libc.a(errno.o)
                0x0000000000800122                __errno_val
                [!provide]                        PROVIDE (__bss_end, .)
                0x00000000000000fe                __data_load_start = LOADADDR (.data)
                0x00000000000000fe                __data_load_end = (__data_load_start + SIZEOF (.data))

.noinit         0x0000000000800124        0x0
                [!provide]                        PROVIDE (__noinit_start, .)
 *(.noinit*)
                [!provide]                        PROVIDE (__noinit_end, .)
                0x0000000000800124                _end = .

.eeprom         0x0000000000810000        0x6
 *(.eeprom*)
 .eeprom        0x0000000000810000        0x6 main.o
                0x0000000000810000                Slave_eepr
                0x0000000000810001                Master_eepr
                0x0000000000810002                Weather_dependence_Mode_eepr
                0x0000000000810003                Weather_dependence_eepr
                0x0000000000810004                Start_stop_eepr
                0x0000000000810005                WaterLoad_eepr
                0x0000000000810006                __eeprom_end = .

.fuse
 *(.fuse)
 *(.lfuse)
 *(.hfuse)
 *(.efuse)

.lock
 *(.lock*)

.signature
 *(.signature*)

.user_signatures
 *(.user_signatures*)

.stab
 *(.stab)

.stabstr
 *(.stabstr)

.stab.excl
 *(.stab.excl)

.stab.exclstr
 *(.stab.exclstr)

.stab.index
 *(.stab.index)

.stab.indexstr
 *(.stab.indexstr)

.comment        0x0000000000000000       0x2f
 *(.comment)
 .comment       0x0000000000000000       0x2f main.o
                                         0x30 (size before relaxing)
 .comment       0x000000000000002f       0x30 c:/program files/microchip/xc8/v2.36/avr/bin/../lib/gcc/avr/5.4.0/../../../../avr/lib/avr5/memx-const\libc.a(exit.o)
 .comment       0x000000000000002f       0x30 c:/program files/microchip/xc8/v2.36/avr/bin/../lib/gcc/avr/5.4.0/../../../../avr/lib/avr5/memx-const\libc.a(__sio_sprintf_doux.o)
 .comment       0x000000000000002f       0x30 c:/program files/microchip/xc8/v2.36/avr/bin/../lib/gcc/avr/5.4.0/../../../../avr/lib/avr5/memx-const\libc.a(__sio_sscanf_doux.o)
 .comment       0x000000000000002f       0x30 c:/program files/microchip/xc8/v2.36/avr/bin/../lib/gcc/avr/5.4.0/../../../../avr/lib/avr5/memx-const\libc.a(__fmt_s.o)
 .comment       0x000000000000002f       0x30 c:/program files/microchip/xc8/v2.36/avr/bin/../lib/gcc/avr/5.4.0/../../../../avr/lib/avr5/memx-const\libc.a(__printf_core.o)
 .comment       0x000000000000002f       0x30 c:/program files/microchip/xc8/v2.36/avr/bin/../lib/gcc/avr/5.4.0/../../../../avr/lib/avr5/memx-const\libc.a(__scan_d.o)
 .comment       0x000000000000002f       0x30 c:/program files/microchip/xc8/v2.36/avr/bin/../lib/gcc/avr/5.4.0/../../../../avr/lib/avr5/memx-const\libc.a(__scan_i.o)
 .comment       0x000000000000002f       0x30 c:/program files/microchip/xc8/v2.36/avr/bin/../lib/gcc/avr/5.4.0/../../../../avr/lib/avr5/memx-const\libc.a(__scan_o.o)
 .comment       0x000000000000002f       0x30 c:/program files/microchip/xc8/v2.36/avr/bin/../lib/gcc/avr/5.4.0/../../../../avr/lib/avr5/memx-const\libc.a(__scan_s.o)
 .comment       0x000000000000002f       0x30 c:/program files/microchip/xc8/v2.36/avr/bin/../lib/gcc/avr/5.4.0/../../../../avr/lib/avr5/memx-const\libc.a(__scan_u.o)
 .comment       0x000000000000002f       0x30 c:/program files/microchip/xc8/v2.36/avr/bin/../lib/gcc/avr/5.4.0/../../../../avr/lib/avr5/memx-const\libc.a(__scan_x.o)
 .comment       0x000000000000002f       0x30 c:/program files/microchip/xc8/v2.36/avr/bin/../lib/gcc/avr/5.4.0/../../../../avr/lib/avr5/memx-const\libc.a(__scanf_core.o)
 .comment       0x000000000000002f       0x30 c:/program files/microchip/xc8/v2.36/avr/bin/../lib/gcc/avr/5.4.0/../../../../avr/lib/avr5/memx-const\libc.a(fgetc.o)
 .comment       0x000000000000002f       0x30 c:/program files/microchip/xc8/v2.36/avr/bin/../lib/gcc/avr/5.4.0/../../../../avr/lib/avr5/memx-const\libc.a(fputc.o)
 .comment       0x000000000000002f       0x30 c:/program files/microchip/xc8/v2.36/avr/bin/../lib/gcc/avr/5.4.0/../../../../avr/lib/avr5/memx-const\libc.a(__fmt_d.o)
 .comment       0x000000000000002f       0x30 c:/program files/microchip/xc8/v2.36/avr/bin/../lib/gcc/avr/5.4.0/../../../../avr/lib/avr5/memx-const\libc.a(__fmt_o.o)
 .comment       0x000000000000002f       0x30 c:/program files/microchip/xc8/v2.36/avr/bin/../lib/gcc/avr/5.4.0/../../../../avr/lib/avr5/memx-const\libc.a(__fmt_u.o)
 .comment       0x000000000000002f       0x30 c:/program files/microchip/xc8/v2.36/avr/bin/../lib/gcc/avr/5.4.0/../../../../avr/lib/avr5/memx-const\libc.a(__fmt_x.o)
 .comment       0x000000000000002f       0x30 c:/program files/microchip/xc8/v2.36/avr/bin/../lib/gcc/avr/5.4.0/../../../../avr/lib/avr5/memx-const\libc.a(__pop_float.o)
 .comment       0x000000000000002f       0x30 c:/program files/microchip/xc8/v2.36/avr/bin/../lib/gcc/avr/5.4.0/../../../../avr/lib/avr5/memx-const\libc.a(__pop_int.o)
 .comment       0x000000000000002f       0x30 c:/program files/microchip/xc8/v2.36/avr/bin/../lib/gcc/avr/5.4.0/../../../../avr/lib/avr5/memx-const\libc.a(__pop_ptr.o)
 .comment       0x000000000000002f       0x30 c:/program files/microchip/xc8/v2.36/avr/bin/../lib/gcc/avr/5.4.0/../../../../avr/lib/avr5/memx-const\libc.a(__push_float.o)
 .comment       0x000000000000002f       0x30 c:/program files/microchip/xc8/v2.36/avr/bin/../lib/gcc/avr/5.4.0/../../../../avr/lib/avr5/memx-const\libc.a(__push_int.o)
 .comment       0x000000000000002f       0x30 c:/program files/microchip/xc8/v2.36/avr/bin/../lib/gcc/avr/5.4.0/../../../../avr/lib/avr5/memx-const\libc.a(atoi.o)
 .comment       0x000000000000002f       0x30 c:/program files/microchip/xc8/v2.36/avr/bin/../lib/gcc/avr/5.4.0/../../../../avr/lib/avr5/memx-const\libc.a(strtoll.o)
 .comment       0x000000000000002f       0x30 c:/program files/microchip/xc8/v2.36/avr/bin/../lib/gcc/avr/5.4.0/../../../../avr/lib/avr5/memx-const\libc.a(strtoull.o)
 .comment       0x000000000000002f       0x30 c:/program files/microchip/xc8/v2.36/avr/bin/../lib/gcc/avr/5.4.0/../../../../avr/lib/avr5/memx-const\libc.a(memset.o)
 .comment       0x000000000000002f       0x30 c:/program files/microchip/xc8/v2.36/avr/bin/../lib/gcc/avr/5.4.0/../../../../avr/lib/avr5/memx-const\libc.a(strlen.o)
 .comment       0x000000000000002f       0x30 c:/program files/microchip/xc8/v2.36/avr/bin/../lib/gcc/avr/5.4.0/../../../../avr/lib/avr5/memx-const\libc.a(strncmp.o)
 .comment       0x000000000000002f       0x30 c:/program files/microchip/xc8/v2.36/avr/bin/../lib/gcc/avr/5.4.0/../../../../avr/lib/avr5/memx-const\libc.a(strcat.o)
 .comment       0x000000000000002f       0x30 c:/program files/microchip/xc8/v2.36/avr/bin/../lib/gcc/avr/5.4.0/../../../../avr/lib/avr5/memx-const\libc.a(isxdigit.o)
 .comment       0x000000000000002f       0x30 c:/program files/microchip/xc8/v2.36/avr/bin/../lib/gcc/avr/5.4.0/../../../../avr/lib/avr5/memx-const\libc.a(tolower.o)
 .comment       0x000000000000002f       0x30 c:/program files/microchip/xc8/v2.36/avr/bin/../lib/gcc/avr/5.4.0/../../../../avr/lib/avr5/memx-const\libc.a(toupper.o)
 .comment       0x000000000000002f       0x30 c:/program files/microchip/xc8/v2.36/avr/bin/../lib/gcc/avr/5.4.0/../../../../avr/lib/avr5/memx-const\libc.a(errno.o)
 .comment       0x000000000000002f       0x30 c:/program files/microchip/xc8/v2.36/avr/bin/../lib/gcc/avr/5.4.0/../../../../avr/lib/avr5/memx-const\libc.a(_Exit.o)
 .comment       0x000000000000002f       0x30 c:/program files/microchip/xc8/v2.36/avr/bin/../lib/gcc/avr/5.4.0/../../../../avr/lib/avr5/memx-const\libc.a(__int_vfscanf.o)
 .comment       0x000000000000002f       0x30 c:/program files/microchip/xc8/v2.36/avr/bin/../lib/gcc/avr/5.4.0/../../../../avr/lib/avr5/memx-const\libc.a(__int_vsprintf.o)
 .comment       0x000000000000002f       0x30 c:/program files/microchip/xc8/v2.36/avr/bin/../lib/gcc/avr/5.4.0/../../../../avr/lib/avr5/memx-const\libc.a(__int_vsnprintf.o)
 .comment       0x000000000000002f       0x30 c:/program files/microchip/xc8/v2.36/avr/bin/../lib/gcc/avr/5.4.0/../../../../avr/lib/avr5/memx-const\libc.a(__strtoxll.o)
 .comment       0x000000000000002f       0x30 c:/program files/microchip/xc8/v2.36/avr/bin/../lib/gcc/avr/5.4.0/../../../../avr/lib/avr5/memx-const\libc.a(strcpy.o)
 .comment       0x000000000000002f       0x30 c:/program files/microchip/xc8/v2.36/avr/bin/../lib/gcc/avr/5.4.0/../../../../avr/lib/avr5/memx-const\libc.a(isalnum.o)
 .comment       0x000000000000002f       0x30 c:/program files/microchip/xc8/v2.36/avr/bin/../lib/gcc/avr/5.4.0/../../../../avr/lib/avr5/memx-const\libc.a(__int_vfprintf.o)

.stack.descriptors.hdr
                0x0000000000000000      0x1dc
 .stack.descriptors.hdr
                0x0000000000000000        0xe c:/program files/microchip/xc8/v2.36/avr/bin/../lib/gcc/avr/5.4.0/../../../../avr/lib/avr5/memx-const\libm.a(cmpsf2.o)
 .stack.descriptors.hdr
                0x000000000000000e        0xe c:/program files/microchip/xc8/v2.36/avr/bin/../lib/gcc/avr/5.4.0/../../../../avr/lib/avr5/memx-const\libm.a(divsf3.o)
 .stack.descriptors.hdr
                0x000000000000001c        0xe c:/program files/microchip/xc8/v2.36/avr/bin/../lib/gcc/avr/5.4.0/../../../../avr/lib/avr5/memx-const\libm.a(divsf3x.o)
 .stack.descriptors.hdr
                0x000000000000002a        0xe c:/program files/microchip/xc8/v2.36/avr/bin/../lib/gcc/avr/5.4.0/../../../../avr/lib/avr5/memx-const\libm.a(floatsisf.o)
 .stack.descriptors.hdr
                0x0000000000000038        0xe c:/program files/microchip/xc8/v2.36/avr/bin/../lib/gcc/avr/5.4.0/../../../../avr/lib/avr5/memx-const\libm.a(fp_cmp.o)
 .stack.descriptors.hdr
                0x0000000000000046        0xe c:/program files/microchip/xc8/v2.36/avr/bin/../lib/gcc/avr/5.4.0/../../../../avr/lib/avr5/memx-const\libm.a(fp_inf.o)
 .stack.descriptors.hdr
                0x0000000000000054        0xe c:/program files/microchip/xc8/v2.36/avr/bin/../lib/gcc/avr/5.4.0/../../../../avr/lib/avr5/memx-const\libm.a(fp_nan.o)
 .stack.descriptors.hdr
                0x0000000000000062        0xe c:/program files/microchip/xc8/v2.36/avr/bin/../lib/gcc/avr/5.4.0/../../../../avr/lib/avr5/memx-const\libm.a(fp_pscA.o)
 .stack.descriptors.hdr
                0x0000000000000070        0xe c:/program files/microchip/xc8/v2.36/avr/bin/../lib/gcc/avr/5.4.0/../../../../avr/lib/avr5/memx-const\libm.a(fp_pscB.o)
 .stack.descriptors.hdr
                0x000000000000007e        0xe c:/program files/microchip/xc8/v2.36/avr/bin/../lib/gcc/avr/5.4.0/../../../../avr/lib/avr5/memx-const\libm.a(fp_round.o)
 .stack.descriptors.hdr
                0x000000000000008c        0xe c:/program files/microchip/xc8/v2.36/avr/bin/../lib/gcc/avr/5.4.0/../../../../avr/lib/avr5/memx-const\libm.a(fp_split3.o)
 .stack.descriptors.hdr
                0x000000000000009a        0xe c:/program files/microchip/xc8/v2.36/avr/bin/../lib/gcc/avr/5.4.0/../../../../avr/lib/avr5/memx-const\libm.a(fp_zero.o)
 .stack.descriptors.hdr
                0x00000000000000a8        0xe c:/program files/microchip/xc8/v2.36/avr/bin/../lib/gcc/avr/5.4.0/../../../../avr/lib/avr5/memx-const\libm.a(gesf2.o)
 .stack.descriptors.hdr
                0x00000000000000b6        0xe c:/program files/microchip/xc8/v2.36/avr/bin/../lib/gcc/avr/5.4.0/avr5/memx-const\libgcc.a(_mulsi3.o)
 .stack.descriptors.hdr
                0x00000000000000c4        0xe c:/program files/microchip/xc8/v2.36/avr/bin/../lib/gcc/avr/5.4.0/avr5/memx-const\libgcc.a(_divmodhi4.o)
 .stack.descriptors.hdr
                0x00000000000000d2        0xe c:/program files/microchip/xc8/v2.36/avr/bin/../lib/gcc/avr/5.4.0/avr5/memx-const\libgcc.a(_divmodsi4.o)
 .stack.descriptors.hdr
                0x00000000000000e0        0xe c:/program files/microchip/xc8/v2.36/avr/bin/../lib/gcc/avr/5.4.0/avr5/memx-const\libgcc.a(_negsi2.o)
 .stack.descriptors.hdr
                0x00000000000000ee        0xe c:/program files/microchip/xc8/v2.36/avr/bin/../lib/gcc/avr/5.4.0/avr5/memx-const\libgcc.a(_muluhisi3.o)
 .stack.descriptors.hdr
                0x00000000000000fc        0xe c:/program files/microchip/xc8/v2.36/avr/bin/../lib/gcc/avr/5.4.0/avr5/memx-const\libgcc.a(_movmemx.o)
 .stack.descriptors.hdr
                0x000000000000010a        0xe c:/program files/microchip/xc8/v2.36/avr/bin/../lib/gcc/avr/5.4.0/avr5/memx-const\libgcc.a(_udivmodhi4.o)
 .stack.descriptors.hdr
                0x0000000000000118        0xe c:/program files/microchip/xc8/v2.36/avr/bin/../lib/gcc/avr/5.4.0/avr5/memx-const\libgcc.a(_udivmodsi4.o)
 .stack.descriptors.hdr
                0x0000000000000126        0xe c:/program files/microchip/xc8/v2.36/avr/bin/../lib/gcc/avr/5.4.0/avr5/memx-const\libgcc.a(_umulhisi3.o)
 .stack.descriptors.hdr
                0x0000000000000134        0xe C:/Program Files (x86)/Atmel/Studio/7.0/Packs/atmel/ATmega_DFP/1.7.374/xc8/avr/lib/avr5/memx-const\libatmega64.a(eerd_byte.o)
 .stack.descriptors.hdr
                0x0000000000000142        0xe C:/Program Files (x86)/Atmel/Studio/7.0/Packs/atmel/ATmega_DFP/1.7.374/xc8/avr/lib/avr5/memx-const\libatmega64.a(eewr_byte.o)
 .stack.descriptors.hdr
                0x0000000000000150        0xe c:/program files/microchip/xc8/v2.36/avr/bin/../lib/gcc/avr/5.4.0/avr5/memx-const\libgcc.a(_exit.o)
 .stack.descriptors.hdr
                0x000000000000015e        0xe c:/program files/microchip/xc8/v2.36/avr/bin/../lib/gcc/avr/5.4.0/avr5/memx-const\libgcc.a(_muldi3.o)
 .stack.descriptors.hdr
                0x000000000000016c        0xe c:/program files/microchip/xc8/v2.36/avr/bin/../lib/gcc/avr/5.4.0/avr5/memx-const\libgcc.a(_muldi3_6.o)
 .stack.descriptors.hdr
                0x000000000000017a        0xe c:/program files/microchip/xc8/v2.36/avr/bin/../lib/gcc/avr/5.4.0/avr5/memx-const\libgcc.a(_udivdi3.o)
 .stack.descriptors.hdr
                0x0000000000000188        0xe c:/program files/microchip/xc8/v2.36/avr/bin/../lib/gcc/avr/5.4.0/avr5/memx-const\libgcc.a(_udivmod64.o)
 .stack.descriptors.hdr
                0x0000000000000196        0xe c:/program files/microchip/xc8/v2.36/avr/bin/../lib/gcc/avr/5.4.0/avr5/memx-const\libgcc.a(_negdi2.o)
 .stack.descriptors.hdr
                0x00000000000001a4        0xe c:/program files/microchip/xc8/v2.36/avr/bin/../lib/gcc/avr/5.4.0/avr5/memx-const\libgcc.a(_ashrdi3.o)
 .stack.descriptors.hdr
                0x00000000000001b2        0xe c:/program files/microchip/xc8/v2.36/avr/bin/../lib/gcc/avr/5.4.0/avr5/memx-const\libgcc.a(_adddi3.o)
 .stack.descriptors.hdr
                0x00000000000001c0        0xe c:/program files/microchip/xc8/v2.36/avr/bin/../lib/gcc/avr/5.4.0/avr5/memx-const\libgcc.a(_cmpdi2.o)
 .stack.descriptors.hdr
                0x00000000000001ce        0xe c:/program files/microchip/xc8/v2.36/avr/bin/../lib/gcc/avr/5.4.0/avr5/memx-const\libgcc.a(_cmpdi2_s8.o)

.note.GNU-stack
                0x0000000000000000        0x0
 .note.GNU-stack
                0x0000000000000000        0x0 c:/program files/microchip/xc8/v2.36/avr/bin/../lib/gcc/avr/5.4.0/../../../../avr/lib/avr5/memx-const\libm.a(cmpsf2.o)
 .note.GNU-stack
                0x0000000000000000        0x0 c:/program files/microchip/xc8/v2.36/avr/bin/../lib/gcc/avr/5.4.0/../../../../avr/lib/avr5/memx-const\libm.a(divsf3.o)
 .note.GNU-stack
                0x0000000000000000        0x0 c:/program files/microchip/xc8/v2.36/avr/bin/../lib/gcc/avr/5.4.0/../../../../avr/lib/avr5/memx-const\libm.a(divsf3x.o)
 .note.GNU-stack
                0x0000000000000000        0x0 c:/program files/microchip/xc8/v2.36/avr/bin/../lib/gcc/avr/5.4.0/../../../../avr/lib/avr5/memx-const\libm.a(floatsisf.o)
 .note.GNU-stack
                0x0000000000000000        0x0 c:/program files/microchip/xc8/v2.36/avr/bin/../lib/gcc/avr/5.4.0/../../../../avr/lib/avr5/memx-const\libm.a(fp_cmp.o)
 .note.GNU-stack
                0x0000000000000000        0x0 c:/program files/microchip/xc8/v2.36/avr/bin/../lib/gcc/avr/5.4.0/../../../../avr/lib/avr5/memx-const\libm.a(fp_inf.o)
 .note.GNU-stack
                0x0000000000000000        0x0 c:/program files/microchip/xc8/v2.36/avr/bin/../lib/gcc/avr/5.4.0/../../../../avr/lib/avr5/memx-const\libm.a(fp_nan.o)
 .note.GNU-stack
                0x0000000000000000        0x0 c:/program files/microchip/xc8/v2.36/avr/bin/../lib/gcc/avr/5.4.0/../../../../avr/lib/avr5/memx-const\libm.a(fp_pscA.o)
 .note.GNU-stack
                0x0000000000000000        0x0 c:/program files/microchip/xc8/v2.36/avr/bin/../lib/gcc/avr/5.4.0/../../../../avr/lib/avr5/memx-const\libm.a(fp_pscB.o)
 .note.GNU-stack
                0x0000000000000000        0x0 c:/program files/microchip/xc8/v2.36/avr/bin/../lib/gcc/avr/5.4.0/../../../../avr/lib/avr5/memx-const\libm.a(fp_round.o)
 .note.GNU-stack
                0x0000000000000000        0x0 c:/program files/microchip/xc8/v2.36/avr/bin/../lib/gcc/avr/5.4.0/../../../../avr/lib/avr5/memx-const\libm.a(fp_split3.o)
 .note.GNU-stack
                0x0000000000000000        0x0 c:/program files/microchip/xc8/v2.36/avr/bin/../lib/gcc/avr/5.4.0/../../../../avr/lib/avr5/memx-const\libm.a(fp_zero.o)
 .note.GNU-stack
                0x0000000000000000        0x0 c:/program files/microchip/xc8/v2.36/avr/bin/../lib/gcc/avr/5.4.0/../../../../avr/lib/avr5/memx-const\libm.a(gesf2.o)
 .note.GNU-stack
                0x0000000000000000        0x0 c:/program files/microchip/xc8/v2.36/avr/bin/../lib/gcc/avr/5.4.0/../../../../avr/lib/avr5/memx-const\libc.a(exit.o)
 .note.GNU-stack
                0x0000000000000000        0x0 c:/program files/microchip/xc8/v2.36/avr/bin/../lib/gcc/avr/5.4.0/../../../../avr/lib/avr5/memx-const\libc.a(__sio_sprintf_doux.o)
 .note.GNU-stack
                0x0000000000000000        0x0 c:/program files/microchip/xc8/v2.36/avr/bin/../lib/gcc/avr/5.4.0/../../../../avr/lib/avr5/memx-const\libc.a(__sio_sscanf_doux.o)
 .note.GNU-stack
                0x0000000000000000        0x0 c:/program files/microchip/xc8/v2.36/avr/bin/../lib/gcc/avr/5.4.0/../../../../avr/lib/avr5/memx-const\libc.a(__fmt_s.o)
 .note.GNU-stack
                0x0000000000000000        0x0 c:/program files/microchip/xc8/v2.36/avr/bin/../lib/gcc/avr/5.4.0/../../../../avr/lib/avr5/memx-const\libc.a(__printf_core.o)
 .note.GNU-stack
                0x0000000000000000        0x0 c:/program files/microchip/xc8/v2.36/avr/bin/../lib/gcc/avr/5.4.0/../../../../avr/lib/avr5/memx-const\libc.a(__scan_d.o)
 .note.GNU-stack
                0x0000000000000000        0x0 c:/program files/microchip/xc8/v2.36/avr/bin/../lib/gcc/avr/5.4.0/../../../../avr/lib/avr5/memx-const\libc.a(__scan_i.o)
 .note.GNU-stack
                0x0000000000000000        0x0 c:/program files/microchip/xc8/v2.36/avr/bin/../lib/gcc/avr/5.4.0/../../../../avr/lib/avr5/memx-const\libc.a(__scan_o.o)
 .note.GNU-stack
                0x0000000000000000        0x0 c:/program files/microchip/xc8/v2.36/avr/bin/../lib/gcc/avr/5.4.0/../../../../avr/lib/avr5/memx-const\libc.a(__scan_s.o)
 .note.GNU-stack
                0x0000000000000000        0x0 c:/program files/microchip/xc8/v2.36/avr/bin/../lib/gcc/avr/5.4.0/../../../../avr/lib/avr5/memx-const\libc.a(__scan_u.o)
 .note.GNU-stack
                0x0000000000000000        0x0 c:/program files/microchip/xc8/v2.36/avr/bin/../lib/gcc/avr/5.4.0/../../../../avr/lib/avr5/memx-const\libc.a(__scan_x.o)
 .note.GNU-stack
                0x0000000000000000        0x0 c:/program files/microchip/xc8/v2.36/avr/bin/../lib/gcc/avr/5.4.0/../../../../avr/lib/avr5/memx-const\libc.a(__scanf_core.o)
 .note.GNU-stack
                0x0000000000000000        0x0 c:/program files/microchip/xc8/v2.36/avr/bin/../lib/gcc/avr/5.4.0/../../../../avr/lib/avr5/memx-const\libc.a(fgetc.o)
 .note.GNU-stack
                0x0000000000000000        0x0 c:/program files/microchip/xc8/v2.36/avr/bin/../lib/gcc/avr/5.4.0/../../../../avr/lib/avr5/memx-const\libc.a(fputc.o)
 .note.GNU-stack
                0x0000000000000000        0x0 c:/program files/microchip/xc8/v2.36/avr/bin/../lib/gcc/avr/5.4.0/../../../../avr/lib/avr5/memx-const\libc.a(__fmt_d.o)
 .note.GNU-stack
                0x0000000000000000        0x0 c:/program files/microchip/xc8/v2.36/avr/bin/../lib/gcc/avr/5.4.0/../../../../avr/lib/avr5/memx-const\libc.a(__fmt_o.o)
 .note.GNU-stack
                0x0000000000000000        0x0 c:/program files/microchip/xc8/v2.36/avr/bin/../lib/gcc/avr/5.4.0/../../../../avr/lib/avr5/memx-const\libc.a(__fmt_u.o)
 .note.GNU-stack
                0x0000000000000000        0x0 c:/program files/microchip/xc8/v2.36/avr/bin/../lib/gcc/avr/5.4.0/../../../../avr/lib/avr5/memx-const\libc.a(__fmt_x.o)
 .note.GNU-stack
                0x0000000000000000        0x0 c:/program files/microchip/xc8/v2.36/avr/bin/../lib/gcc/avr/5.4.0/../../../../avr/lib/avr5/memx-const\libc.a(__pop_float.o)
 .note.GNU-stack
                0x0000000000000000        0x0 c:/program files/microchip/xc8/v2.36/avr/bin/../lib/gcc/avr/5.4.0/../../../../avr/lib/avr5/memx-const\libc.a(__pop_int.o)
 .note.GNU-stack
                0x0000000000000000        0x0 c:/program files/microchip/xc8/v2.36/avr/bin/../lib/gcc/avr/5.4.0/../../../../avr/lib/avr5/memx-const\libc.a(__pop_ptr.o)
 .note.GNU-stack
                0x0000000000000000        0x0 c:/program files/microchip/xc8/v2.36/avr/bin/../lib/gcc/avr/5.4.0/../../../../avr/lib/avr5/memx-const\libc.a(__push_float.o)
 .note.GNU-stack
                0x0000000000000000        0x0 c:/program files/microchip/xc8/v2.36/avr/bin/../lib/gcc/avr/5.4.0/../../../../avr/lib/avr5/memx-const\libc.a(__push_int.o)
 .note.GNU-stack
                0x0000000000000000        0x0 c:/program files/microchip/xc8/v2.36/avr/bin/../lib/gcc/avr/5.4.0/../../../../avr/lib/avr5/memx-const\libc.a(atoi.o)
 .note.GNU-stack
                0x0000000000000000        0x0 c:/program files/microchip/xc8/v2.36/avr/bin/../lib/gcc/avr/5.4.0/../../../../avr/lib/avr5/memx-const\libc.a(strtoll.o)
 .note.GNU-stack
                0x0000000000000000        0x0 c:/program files/microchip/xc8/v2.36/avr/bin/../lib/gcc/avr/5.4.0/../../../../avr/lib/avr5/memx-const\libc.a(strtoull.o)
 .note.GNU-stack
                0x0000000000000000        0x0 c:/program files/microchip/xc8/v2.36/avr/bin/../lib/gcc/avr/5.4.0/../../../../avr/lib/avr5/memx-const\libc.a(memset.o)
 .note.GNU-stack
                0x0000000000000000        0x0 c:/program files/microchip/xc8/v2.36/avr/bin/../lib/gcc/avr/5.4.0/../../../../avr/lib/avr5/memx-const\libc.a(strlen.o)
 .note.GNU-stack
                0x0000000000000000        0x0 c:/program files/microchip/xc8/v2.36/avr/bin/../lib/gcc/avr/5.4.0/../../../../avr/lib/avr5/memx-const\libc.a(strncmp.o)
 .note.GNU-stack
                0x0000000000000000        0x0 c:/program files/microchip/xc8/v2.36/avr/bin/../lib/gcc/avr/5.4.0/../../../../avr/lib/avr5/memx-const\libc.a(strcat.o)
 .note.GNU-stack
                0x0000000000000000        0x0 c:/program files/microchip/xc8/v2.36/avr/bin/../lib/gcc/avr/5.4.0/../../../../avr/lib/avr5/memx-const\libc.a(isxdigit.o)
 .note.GNU-stack
                0x0000000000000000        0x0 c:/program files/microchip/xc8/v2.36/avr/bin/../lib/gcc/avr/5.4.0/../../../../avr/lib/avr5/memx-const\libc.a(tolower.o)
 .note.GNU-stack
                0x0000000000000000        0x0 c:/program files/microchip/xc8/v2.36/avr/bin/../lib/gcc/avr/5.4.0/../../../../avr/lib/avr5/memx-const\libc.a(toupper.o)
 .note.GNU-stack
                0x0000000000000000        0x0 c:/program files/microchip/xc8/v2.36/avr/bin/../lib/gcc/avr/5.4.0/../../../../avr/lib/avr5/memx-const\libc.a(errno.o)
 .note.GNU-stack
                0x0000000000000000        0x0 c:/program files/microchip/xc8/v2.36/avr/bin/../lib/gcc/avr/5.4.0/../../../../avr/lib/avr5/memx-const\libc.a(_Exit.o)
 .note.GNU-stack
                0x0000000000000000        0x0 c:/program files/microchip/xc8/v2.36/avr/bin/../lib/gcc/avr/5.4.0/../../../../avr/lib/avr5/memx-const\libc.a(__int_vfscanf.o)
 .note.GNU-stack
                0x0000000000000000        0x0 c:/program files/microchip/xc8/v2.36/avr/bin/../lib/gcc/avr/5.4.0/../../../../avr/lib/avr5/memx-const\libc.a(__int_vsprintf.o)
 .note.GNU-stack
                0x0000000000000000        0x0 c:/program files/microchip/xc8/v2.36/avr/bin/../lib/gcc/avr/5.4.0/../../../../avr/lib/avr5/memx-const\libc.a(__int_vsnprintf.o)
 .note.GNU-stack
                0x0000000000000000        0x0 c:/program files/microchip/xc8/v2.36/avr/bin/../lib/gcc/avr/5.4.0/../../../../avr/lib/avr5/memx-const\libc.a(__strtoxll.o)
 .note.GNU-stack
                0x0000000000000000        0x0 c:/program files/microchip/xc8/v2.36/avr/bin/../lib/gcc/avr/5.4.0/../../../../avr/lib/avr5/memx-const\libc.a(strcpy.o)
 .note.GNU-stack
                0x0000000000000000        0x0 c:/program files/microchip/xc8/v2.36/avr/bin/../lib/gcc/avr/5.4.0/../../../../avr/lib/avr5/memx-const\libc.a(isalnum.o)
 .note.GNU-stack
                0x0000000000000000        0x0 c:/program files/microchip/xc8/v2.36/avr/bin/../lib/gcc/avr/5.4.0/../../../../avr/lib/avr5/memx-const\libc.a(__int_vfprintf.o)

.note.gnu.build-id
 *(.note.gnu.build-id)

.debug
 *(.debug)

.line
 *(.line)

.debug_srcinfo
 *(.debug_srcinfo)

.debug_sfnames
 *(.debug_sfnames)

.debug_aranges  0x0000000000000000      0x210
 *(.debug_aranges)
 .debug_aranges
                0x0000000000000000      0x1d0 main.o
 .debug_aranges
                0x00000000000001d0       0x20 C:/Program Files (x86)/Atmel/Studio/7.0/Packs/atmel/ATmega_DFP/1.7.374/xc8/avr/lib/avr5/memx-const\libatmega64.a(eerd_byte.o)
 .debug_aranges
                0x00000000000001f0       0x20 C:/Program Files (x86)/Atmel/Studio/7.0/Packs/atmel/ATmega_DFP/1.7.374/xc8/avr/lib/avr5/memx-const\libatmega64.a(eewr_byte.o)

.debug_pubnames
 *(.debug_pubnames)

.debug_info     0x0000000000000000     0x3ba4
 *(.debug_info .gnu.linkonce.wi.*)
 .debug_info    0x0000000000000000      0x780 C:/Program Files (x86)/Atmel/Studio/7.0/Packs/atmel/ATmega_DFP/1.7.374/xc8/avr/lib/avr5/memx-const/crtatmega64.o
 .debug_info    0x0000000000000780     0x32d2 main.o
 .debug_info    0x0000000000003a52       0xa9 C:/Program Files (x86)/Atmel/Studio/7.0/Packs/atmel/ATmega_DFP/1.7.374/xc8/avr/lib/avr5/memx-const\libatmega64.a(eerd_byte.o)
 .debug_info    0x0000000000003afb       0xa9 C:/Program Files (x86)/Atmel/Studio/7.0/Packs/atmel/ATmega_DFP/1.7.374/xc8/avr/lib/avr5/memx-const\libatmega64.a(eewr_byte.o)

.debug_abbrev   0x0000000000000000      0xa2b
 *(.debug_abbrev)
 .debug_abbrev  0x0000000000000000      0x718 C:/Program Files (x86)/Atmel/Studio/7.0/Packs/atmel/ATmega_DFP/1.7.374/xc8/avr/lib/avr5/memx-const/crtatmega64.o
 .debug_abbrev  0x0000000000000718      0x2eb main.o
 .debug_abbrev  0x0000000000000a03       0x14 C:/Program Files (x86)/Atmel/Studio/7.0/Packs/atmel/ATmega_DFP/1.7.374/xc8/avr/lib/avr5/memx-const\libatmega64.a(eerd_byte.o)
 .debug_abbrev  0x0000000000000a17       0x14 C:/Program Files (x86)/Atmel/Studio/7.0/Packs/atmel/ATmega_DFP/1.7.374/xc8/avr/lib/avr5/memx-const\libatmega64.a(eewr_byte.o)

.debug_line     0x0000000000000000     0x2883
 *(.debug_line .debug_line.* .debug_line_end)
 .debug_line    0x0000000000000000      0x16d C:/Program Files (x86)/Atmel/Studio/7.0/Packs/atmel/ATmega_DFP/1.7.374/xc8/avr/lib/avr5/memx-const/crtatmega64.o
 .debug_line    0x000000000000016d     0x25f9 main.o
 .debug_line    0x0000000000002766       0x82 C:/Program Files (x86)/Atmel/Studio/7.0/Packs/atmel/ATmega_DFP/1.7.374/xc8/avr/lib/avr5/memx-const\libatmega64.a(eerd_byte.o)
 .debug_line    0x00000000000027e8       0x9b C:/Program Files (x86)/Atmel/Studio/7.0/Packs/atmel/ATmega_DFP/1.7.374/xc8/avr/lib/avr5/memx-const\libatmega64.a(eewr_byte.o)

.debug_frame    0x0000000000000000      0x790
 *(.debug_frame)
 .debug_frame   0x0000000000000000      0x790 main.o

.debug_str      0x0000000000000000      0x2c7
 *(.debug_str)
 .debug_str     0x0000000000000000      0x27e C:/Program Files (x86)/Atmel/Studio/7.0/Packs/atmel/ATmega_DFP/1.7.374/xc8/avr/lib/avr5/memx-const/crtatmega64.o
 .debug_str     0x000000000000027e       0x49 main.o

.debug_loc      0x0000000000000000     0x17fb
 *(.debug_loc)
 .debug_loc     0x0000000000000000     0x17fb main.o

.debug_macinfo
 *(.debug_macinfo)

.debug_weaknames
 *(.debug_weaknames)

.debug_funcnames
 *(.debug_funcnames)

.debug_typenames
 *(.debug_typenames)

.debug_varnames
 *(.debug_varnames)

.debug_pubtypes
 *(.debug_pubtypes)

.debug_ranges   0x0000000000000000      0x1d8
 *(.debug_ranges)
 .debug_ranges  0x0000000000000000      0x1d8 main.o

.debug_macro
 *(.debug_macro)
OUTPUT(boiler.elf elf32-avr)
LOAD linker stubs
LOAD data_init

.note.gnu.avr.deviceinfo
                0x0000000000000000       0x3c
 .note.gnu.avr.deviceinfo
                0x0000000000000000       0x3c C:/Program Files (x86)/Atmel/Studio/7.0/Packs/atmel/ATmega_DFP/1.7.374/xc8/avr/lib/avr5/memx-const/crtatmega64.o

.bss.internal_rx_buffer.2846
                0x000000000080013b        0x2
 .bss.internal_rx_buffer.2846
                0x000000000080013b        0x2 main.o

.bss.bufkey     0x000000000080012c        0x7
 .bss.bufkey    0x000000000080012c        0x7 main.o
                0x000000000080012c                bufkey

.bss.Slave      0x000000000080013d        0x2
 .bss.Slave     0x000000000080013d        0x2 main.o
                0x000000000080013d                Slave

.bss.Master     0x000000000080013f        0x2
 .bss.Master    0x000000000080013f        0x2 main.o
                0x000000000080013f                Master

.bss.Flag_Temp  0x0000000000800141        0x2
 .bss.Flag_Temp
                0x0000000000800141        0x2 main.o
                0x0000000000800141                Flag_Temp

.bss.Flag_Clapan_Test
                0x0000000000800143        0x2
 .bss.Flag_Clapan_Test
                0x0000000000800143        0x2 main.o
                0x0000000000800143                Flag_Clapan_Test

.bss.Flag_Clapan
                0x0000000000800145        0x2
 .bss.Flag_Clapan
                0x0000000000800145        0x2 main.o
                0x0000000000800145                Flag_Clapan

.bss.Flag_Fire_Test
                0x0000000000800147        0x2
 .bss.Flag_Fire_Test
                0x0000000000800147        0x2 main.o
                0x0000000000800147                Flag_Fire_Test

.bss.Flag_Fire  0x0000000000800149        0x2
 .bss.Flag_Fire
                0x0000000000800149        0x2 main.o
                0x0000000000800149                Flag_Fire

.bss.Flag_E1    0x000000000080014b        0x2
 .bss.Flag_E1   0x000000000080014b        0x2 main.o
                0x000000000080014b                Flag_E1

.bss.Lan        0x000000000080014d        0x2
 .bss.Lan       0x000000000080014d        0x2 main.o
                0x000000000080014d                Lan

.bss.UK_303     0x0000000000800155        0x2
 .bss.UK_303    0x0000000000800155        0x2 main.o
                0x0000000000800155                UK_303

.bss.UK_203     0x0000000000800157        0x2
 .bss.UK_203    0x0000000000800157        0x2 main.o
                0x0000000000800157                UK_203

.bss.UK_103     0x0000000000800159        0x2
 .bss.UK_103    0x0000000000800159        0x2 main.o
                0x0000000000800159                UK_103

.bss.Slave_time
                0x000000000080015b        0x2
 .bss.Slave_time
                0x000000000080015b        0x2 main.o
                0x000000000080015b                Slave_time

.bss.Work       0x000000000080015f        0x2
 .bss.Work      0x000000000080015f        0x2 main.o
                0x000000000080015f                Work

.bss.internal_tx_buffer
                0x0000000000800161        0x2
 .bss.internal_tx_buffer
                0x0000000000800161        0x2 main.o

.bss.bits_left_in_tx
                0x0000000000800167        0x1
 .bss.bits_left_in_tx
                0x0000000000800167        0x1 main.o

.bss.timer_tx_ctr
                0x0000000000800168        0x1
 .bss.timer_tx_ctr
                0x0000000000800168        0x1 main.o

.bss.flag_tx_busy
                0x0000000000800169        0x1
 .bss.flag_tx_busy
                0x0000000000800169        0x1 main.o

.bss.bits_left_in_rx
                0x000000000080016a        0x1
 .bss.bits_left_in_rx
                0x000000000080016a        0x1 main.o

.bss.timer_rx_ctr
                0x000000000080016b        0x1
 .bss.timer_rx_ctr
                0x000000000080016b        0x1 main.o

.bss.rx_mask    0x000000000080016c        0x1
 .bss.rx_mask   0x000000000080016c        0x1 main.o

.bss.flag_rx_off
                0x000000000080016d        0x1
 .bss.flag_rx_off
                0x000000000080016d        0x1 main.o

.bss.flag_rx_waiting_for_stop_bit
                0x000000000080016e        0x1
 .bss.flag_rx_waiting_for_stop_bit
                0x000000000080016e        0x1 main.o

.bss.flag_rx_ready
                0x000000000080016f        0x1
 .bss.flag_rx_ready
                0x000000000080016f        0x1 main.o

.bss.qout       0x0000000000800170        0x1
 .bss.qout      0x0000000000800170        0x1 main.o

.bss.qin        0x0000000000800171        0x1
 .bss.qin       0x0000000000800171        0x1 main.o

.bss.inbuf      0x0000000000800124        0x8
 .bss.inbuf     0x0000000000800124        0x8 main.o

.bss.Water_Load
                0x0000000000800163        0x2
 .bss.Water_Load
                0x0000000000800163        0x2 main.o
                0x0000000000800163                Water_Load

.bss.Water_Load_Lcd
                0x0000000000800165        0x2
 .bss.Water_Load_Lcd
                0x0000000000800165        0x2 main.o
                0x0000000000800165                Water_Load_Lcd

.bss.Air_temp   0x0000000000800133        0x4
 .bss.Air_temp  0x0000000000800133        0x4 main.o
                0x0000000000800133                Air_temp

.bss.Water_temp
                0x0000000000800137        0x4
 .bss.Water_temp
                0x0000000000800137        0x4 main.o
                0x0000000000800137                Water_temp

.progmemx.data.sym
                0x00000000000000fe      0x320
 .progmemx.data.sym
                0x00000000000000fe      0x320 main.o
                0x00000000000000fe                sym

.progmemx.data  0x000000000000041e      0x240
 .progmemx.data
                0x000000000000041e      0x240 main.o

.progmemx.data.state_table
                0x000000000000065e       0x16
 .progmemx.data.state_table
                0x000000000000065e       0x16 c:/program files/microchip/xc8/v2.36/avr/bin/../lib/gcc/avr/5.4.0/../../../../avr/lib/avr5/memx-const\libc.a(__printf_core.o)

.progmemx.data  0x0000000000000674        0x7
 .progmemx.data
                0x0000000000000674        0x7 c:/program files/microchip/xc8/v2.36/avr/bin/../lib/gcc/avr/5.4.0/../../../../avr/lib/avr5/memx-const\libc.a(__fmt_s.o)

.progmemx.data  0x000000000000067b        0x6
 .progmemx.data
                0x000000000000067b        0x6 c:/program files/microchip/xc8/v2.36/avr/bin/../lib/gcc/avr/5.4.0/../../../../avr/lib/avr5/memx-const\libc.a(__printf_core.o)

.text.main      0x0000000000000682     0x1886
 .text.main     0x0000000000000682     0x1886 main.o
                0x0000000000000682                main

.text.__scanf_core
                0x0000000000001f08      0x89a
 .text.__scanf_core
                0x0000000000001f08      0x89a c:/program files/microchip/xc8/v2.36/avr/bin/../lib/gcc/avr/5.4.0/../../../../avr/lib/avr5/memx-const\libc.a(__scanf_core.o)
                0x0000000000001f08                __scanf_core

.text.__printf_core
                0x00000000000027a2      0x822
 .text.__printf_core
                0x00000000000027a2      0x822 c:/program files/microchip/xc8/v2.36/avr/bin/../lib/gcc/avr/5.4.0/../../../../avr/lib/avr5/memx-const\libc.a(__printf_core.o)
                0x00000000000027a2                __printf_core

.text.Window1   0x0000000000002fc4      0x7c4
 .text.Window1  0x0000000000002fc4      0x7c4 main.o
                0x0000000000002fc4                Window1

.text.SendWaterTemp
                0x0000000000003788      0x43a
 .text.SendWaterTemp
                0x0000000000003788      0x43a main.o
                0x0000000000003788                SendWaterTemp

.text.__strtoxll
                0x0000000000003bc2      0x3d8
 .text.__strtoxll
                0x0000000000003bc2      0x3d8 c:/program files/microchip/xc8/v2.36/avr/bin/../lib/gcc/avr/5.4.0/../../../../avr/lib/avr5/memx-const\libc.a(__strtoxll.o)
                0x0000000000003bc2                __strtoxll

.text.__fmt_x   0x0000000000003f9a      0x280
 .text.__fmt_x  0x0000000000003f9a      0x280 c:/program files/microchip/xc8/v2.36/avr/bin/../lib/gcc/avr/5.4.0/../../../../avr/lib/avr5/memx-const\libc.a(__fmt_x.o)
                0x0000000000003f9a                __fmt_x_needed
                0x0000000000003f9a                __fmt_x

.text.__scan_i  0x000000000000421a      0x1e6
 .text.__scan_i
                0x000000000000421a      0x1e6 c:/program files/microchip/xc8/v2.36/avr/bin/../lib/gcc/avr/5.4.0/../../../../avr/lib/avr5/memx-const\libc.a(__scan_i.o)
                0x000000000000421a                __scan_i_needed
                0x000000000000421a                __scan_i

.text.Start     0x0000000000004400      0x1b2
 .text.Start    0x0000000000004400      0x1b2 main.o
                0x0000000000004400                Start

.text.Window2_1
                0x00000000000045b2      0x18a
 .text.Window2_1
                0x00000000000045b2      0x18a main.o
                0x00000000000045b2                Window2_1

.text.__fmt_d   0x000000000000473c      0x17e
 .text.__fmt_d  0x000000000000473c      0x17e c:/program files/microchip/xc8/v2.36/avr/bin/../lib/gcc/avr/5.4.0/../../../../avr/lib/avr5/memx-const\libc.a(__fmt_d.o)
                0x000000000000473c                __fmt_d
                0x000000000000473c                __fmt_d_needed

.text.__pop_int
                0x00000000000048ba      0x172
 .text.__pop_int
                0x00000000000048ba      0x172 c:/program files/microchip/xc8/v2.36/avr/bin/../lib/gcc/avr/5.4.0/../../../../avr/lib/avr5/memx-const\libc.a(__pop_int.o)
                0x00000000000048ba                __pop_int_needed
                0x00000000000048ba                __pop_int

.text.__vector_16
                0x0000000000004a2c      0x15c
 .text.__vector_16
                0x0000000000004a2c      0x15c main.o
                0x0000000000004a2c                __vector_16

.text.__scan_x  0x0000000000004b88      0x14e
 .text.__scan_x
                0x0000000000004b88      0x14e c:/program files/microchip/xc8/v2.36/avr/bin/../lib/gcc/avr/5.4.0/../../../../avr/lib/avr5/memx-const\libc.a(__scan_x.o)
                0x0000000000004b88                __scan_x
                0x0000000000004b88                __scan_x_needed

.text.__cvt_u   0x0000000000004cd6      0x14a
 .text.__cvt_u  0x0000000000004cd6      0x14a c:/program files/microchip/xc8/v2.36/avr/bin/../lib/gcc/avr/5.4.0/../../../../avr/lib/avr5/memx-const\libc.a(__fmt_u.o)
                0x0000000000004cd6                __cvt_u

.text.__push_int
                0x0000000000004e20      0x136
 .text.__push_int
                0x0000000000004e20      0x136 c:/program files/microchip/xc8/v2.36/avr/bin/../lib/gcc/avr/5.4.0/../../../../avr/lib/avr5/memx-const\libc.a(__push_int.o)
                0x0000000000004e20                __push_int_needed
                0x0000000000004e20                __push_int

.text.__pad     0x0000000000004f56      0x10e
 .text.__pad    0x0000000000004f56      0x10e c:/program files/microchip/xc8/v2.36/avr/bin/../lib/gcc/avr/5.4.0/../../../../avr/lib/avr5/memx-const\libc.a(__printf_core.o)
                0x0000000000004f56                __pad

.text.msg       0x0000000000005064      0x10a
 .text.msg      0x0000000000005064      0x10a main.o
                0x0000000000005064                msg

.text           0x000000000000516e       0xde
 .text          0x000000000000516e       0xde c:/program files/microchip/xc8/v2.36/avr/bin/../lib/gcc/avr/5.4.0/../../../../avr/lib/avr5/memx-const\libm.a(divsf3x.o)
                0x000000000000516e                __divsf3x
                0x0000000000005196                __divsf3_pse

.text.__pop_ptr
                0x000000000000524c       0xd8
 .text.__pop_ptr
                0x000000000000524c       0xd8 c:/program files/microchip/xc8/v2.36/avr/bin/../lib/gcc/avr/5.4.0/../../../../avr/lib/avr5/memx-const\libc.a(__pop_ptr.o)
                0x000000000000524c                __pop_ptr
                0x000000000000524c                __pop_ptr_needed

.text.__scan_o  0x0000000000005324       0xd6
 .text.__scan_o
                0x0000000000005324       0xd6 c:/program files/microchip/xc8/v2.36/avr/bin/../lib/gcc/avr/5.4.0/../../../../avr/lib/avr5/memx-const\libc.a(__scan_o.o)
                0x0000000000005324                __scan_o
                0x0000000000005324                __scan_o_needed

.text.__read_int
                0x00000000000053fa       0xd4
 .text.__read_int
                0x00000000000053fa       0xd4 c:/program files/microchip/xc8/v2.36/avr/bin/../lib/gcc/avr/5.4.0/../../../../avr/lib/avr5/memx-const\libc.a(__scan_d.o)
                0x00000000000053fa                __read_int

.text.__fmt_o   0x00000000000054ce       0xd4
 .text.__fmt_o  0x00000000000054ce       0xd4 c:/program files/microchip/xc8/v2.36/avr/bin/../lib/gcc/avr/5.4.0/../../../../avr/lib/avr5/memx-const\libc.a(__fmt_o.o)
                0x00000000000054ce                __fmt_o
                0x00000000000054ce                __fmt_o_needed

.text.__scan_s  0x00000000000055a2       0xcc
 .text.__scan_s
                0x00000000000055a2       0xcc c:/program files/microchip/xc8/v2.36/avr/bin/../lib/gcc/avr/5.4.0/../../../../avr/lib/avr5/memx-const\libc.a(__scan_s.o)
                0x00000000000055a2                __scan_s_needed
                0x00000000000055a2                __scan_s
                0x00000000000055a2                __scan_0_needed

.text.__fmt_s   0x000000000000566e       0xca
 .text.__fmt_s  0x000000000000566e       0xca c:/program files/microchip/xc8/v2.36/avr/bin/../lib/gcc/avr/5.4.0/../../../../avr/lib/avr5/memx-const\libc.a(__fmt_s.o)
                0x000000000000566e                __fmt_s
                0x000000000000566e                __fmt_0_needed
                0x000000000000566e                __fmt_s_needed

.text.__vector_12
                0x0000000000005738       0xba
 .text.__vector_12
                0x0000000000005738       0xba main.o
                0x0000000000005738                __vector_12

.text.__fmt_u   0x00000000000057f2       0xb0
 .text.__fmt_u  0x00000000000057f2       0xb0 c:/program files/microchip/xc8/v2.36/avr/bin/../lib/gcc/avr/5.4.0/../../../../avr/lib/avr5/memx-const\libc.a(__fmt_u.o)
                0x00000000000057f2                __fmt_u_needed
                0x00000000000057f2                __fmt_u

.text.__vsnprintf
                0x00000000000058a2       0xa4
 .text.__vsnprintf
                0x00000000000058a2       0xa4 c:/program files/microchip/xc8/v2.36/avr/bin/../lib/gcc/avr/5.4.0/../../../../avr/lib/avr5/memx-const\libc.a(__int_vsnprintf.o)
                0x00000000000058a2                __vsnprintf

.text.fgetc     0x0000000000005946       0xa2
 .text.fgetc    0x0000000000005946       0xa2 c:/program files/microchip/xc8/v2.36/avr/bin/../lib/gcc/avr/5.4.0/../../../../avr/lib/avr5/memx-const\libc.a(fgetc.o)
                0x0000000000005946                fgetc

.text.libgcc.div
                0x00000000000059e8       0xa2
 .text.libgcc.div
                0x00000000000059e8       0xa2 c:/program files/microchip/xc8/v2.36/avr/bin/../lib/gcc/avr/5.4.0/avr5/memx-const\libgcc.a(_udivmod64.o)
                0x00000000000059e8                __udivmod64

.text.libgcc.mul
                0x0000000000005a8a       0xa0
 .text.libgcc.mul
                0x0000000000005a8a       0xa0 c:/program files/microchip/xc8/v2.36/avr/bin/../lib/gcc/avr/5.4.0/avr5/memx-const\libgcc.a(_muldi3.o)
                0x0000000000005a8a                __muldi3

.text.SendAirTemp
                0x0000000000005b2a       0x9e
 .text.SendAirTemp
                0x0000000000005b2a       0x9e main.o
                0x0000000000005b2a                SendAirTemp

.text.__fmt_state
                0x0000000000005bc8       0x9e
 .text.__fmt_state
                0x0000000000005bc8       0x9e c:/program files/microchip/xc8/v2.36/avr/bin/../lib/gcc/avr/5.4.0/../../../../avr/lib/avr5/memx-const\libc.a(__printf_core.o)
                0x0000000000005bc8                __fmt_state

.text.Reverse_time
                0x0000000000005c66       0x9c
 .text.Reverse_time
                0x0000000000005c66       0x9c main.o
                0x0000000000005c66                Reverse_time

.text.CursorLan2
                0x0000000000005d02       0x9c
 .text.CursorLan2
                0x0000000000005d02       0x9c main.o
                0x0000000000005d02                CursorLan2

.text.CursorLan3
                0x0000000000005d9e       0x9c
 .text.CursorLan3
                0x0000000000005d9e       0x9c main.o
                0x0000000000005d9e                CursorLan3

.text.fputc     0x0000000000005e3a       0x92
 .text.fputc    0x0000000000005e3a       0x92 c:/program files/microchip/xc8/v2.36/avr/bin/../lib/gcc/avr/5.4.0/../../../../avr/lib/avr5/memx-const\libc.a(fputc.o)
                0x0000000000005e3a                fputc
                0x0000000000005e3a                putc

.text.atoi      0x0000000000005ecc       0x90
 .text.atoi     0x0000000000005ecc       0x90 c:/program files/microchip/xc8/v2.36/avr/bin/../lib/gcc/avr/5.4.0/../../../../avr/lib/avr5/memx-const\libc.a(atoi.o)
                0x0000000000005ecc                atoi

.text.map       0x0000000000005f5c       0x82
 .text.map      0x0000000000005f5c       0x82 main.o
                0x0000000000005f5c                map

.text.fun       0x0000000000005fde       0x7e
 .text.fun      0x0000000000005fde       0x7e main.o
                0x0000000000005fde                fun

.text           0x000000000000605c       0x7a
 .text          0x000000000000605c       0x7a c:/program files/microchip/xc8/v2.36/avr/bin/../lib/gcc/avr/5.4.0/../../../../avr/lib/avr5/memx-const\libm.a(floatsisf.o)
                0x000000000000605c                __floatunsisf
                0x0000000000006060                __floatsisf

.text.cursor2_1
                0x00000000000060d6       0x72
 .text.cursor2_1
                0x00000000000060d6       0x72 main.o
                0x00000000000060d6                cursor2_1

.text.cursor2_2
                0x0000000000006148       0x72
 .text.cursor2_2
                0x0000000000006148       0x72 main.o
                0x0000000000006148                cursor2_2

.text.CursorLan1
                0x00000000000061ba       0x72
 .text.CursorLan1
                0x00000000000061ba       0x72 main.o
                0x00000000000061ba                CursorLan1

.text.WindowLan
                0x000000000000622c       0x6e
 .text.WindowLan
                0x000000000000622c       0x6e main.o
                0x000000000000622c                WindowLan

.text.Cursor1   0x000000000000629a       0x6c
 .text.Cursor1  0x000000000000629a       0x6c main.o
                0x000000000000629a                Cursor1

.text.Cursor2   0x0000000000006306       0x6c
 .text.Cursor2  0x0000000000006306       0x6c main.o
                0x0000000000006306                Cursor2

.text.__push_float
                0x0000000000006372       0x6a
 .text.__push_float
                0x0000000000006372       0x6a c:/program files/microchip/xc8/v2.36/avr/bin/../lib/gcc/avr/5.4.0/../../../../avr/lib/avr5/memx-const\libc.a(__push_float.o)
                0x0000000000006372                __push_float_needed
                0x0000000000006372                __push_float

.text.strncmp   0x00000000000063dc       0x6a
 .text.strncmp  0x00000000000063dc       0x6a c:/program files/microchip/xc8/v2.36/avr/bin/../lib/gcc/avr/5.4.0/../../../../avr/lib/avr5/memx-const\libc.a(strncmp.o)
                0x00000000000063dc                strncmp

.text.__out     0x0000000000006446       0x68
 .text.__out    0x0000000000006446       0x68 c:/program files/microchip/xc8/v2.36/avr/bin/../lib/gcc/avr/5.4.0/../../../../avr/lib/avr5/memx-const\libc.a(__printf_core.o)
                0x0000000000006446                __out

.text.__consumews
                0x00000000000064ae       0x68
 .text.__consumews
                0x00000000000064ae       0x68 c:/program files/microchip/xc8/v2.36/avr/bin/../lib/gcc/avr/5.4.0/../../../../avr/lib/avr5/memx-const\libc.a(__scanf_core.o)
                0x00000000000064ae                __consumews

.text.link      0x0000000000006516       0x5c
 .text.link     0x0000000000006516       0x5c main.o
                0x0000000000006516                link

.text.WorkStop  0x0000000000006572       0x56
 .text.WorkStop
                0x0000000000006572       0x56 main.o
                0x0000000000006572                WorkStop

.text.Window2_1_WaterLoad
                0x00000000000065c8       0x54
 .text.Window2_1_WaterLoad
                0x00000000000065c8       0x54 main.o
                0x00000000000065c8                Window2_1_WaterLoad

.text.__scan_d  0x000000000000661c       0x4e
 .text.__scan_d
                0x000000000000661c       0x4e c:/program files/microchip/xc8/v2.36/avr/bin/../lib/gcc/avr/5.4.0/../../../../avr/lib/avr5/memx-const\libc.a(__scan_d.o)
                0x000000000000661c                __scan_d_needed
                0x000000000000661c                __scan_d

.text.__scan_u  0x000000000000666a       0x4e
 .text.__scan_u
                0x000000000000666a       0x4e c:/program files/microchip/xc8/v2.36/avr/bin/../lib/gcc/avr/5.4.0/../../../../avr/lib/avr5/memx-const\libc.a(__scan_u.o)
                0x000000000000666a                __scan_u_needed
                0x000000000000666a                __scan_u

.text.Check_box1
                0x00000000000066b8       0x4c
 .text.Check_box1
                0x00000000000066b8       0x4c main.o
                0x00000000000066b8                Check_box1

.text.Check_box2
                0x0000000000006704       0x4c
 .text.Check_box2
                0x0000000000006704       0x4c main.o
                0x0000000000006704                Check_box2

.text           0x0000000000006750       0x48
 .text          0x0000000000006750       0x48 c:/program files/microchip/xc8/v2.36/avr/bin/../lib/gcc/avr/5.4.0/../../../../avr/lib/avr5/memx-const\libm.a(fp_cmp.o)
                0x0000000000006750                __fp_cmp

.text.__wrap_sscanf
                0x0000000000006798       0x46
 .text.__wrap_sscanf
                0x0000000000006798       0x46 c:/program files/microchip/xc8/v2.36/avr/bin/../lib/gcc/avr/5.4.0/../../../../avr/lib/avr5/memx-const\libc.a(__sio_sscanf_doux.o)
                0x0000000000006798                _sscanf_cdnopuxX

.text.__skipws  0x00000000000067de       0x46
 .text.__skipws
                0x00000000000067de       0x46 c:/program files/microchip/xc8/v2.36/avr/bin/../lib/gcc/avr/5.4.0/../../../../avr/lib/avr5/memx-const\libc.a(__scanf_core.o)
                0x00000000000067de                __skipws

.text           0x0000000000006824       0x44
 .text          0x0000000000006824       0x44 c:/program files/microchip/xc8/v2.36/avr/bin/../lib/gcc/avr/5.4.0/../../../../avr/lib/avr5/memx-const\libm.a(fp_split3.o)
                0x0000000000006824                __fp_split3
                0x0000000000006834                __fp_splitA

.text.libgcc.div
                0x0000000000006868       0x44
 .text.libgcc.div
                0x0000000000006868       0x44 c:/program files/microchip/xc8/v2.36/avr/bin/../lib/gcc/avr/5.4.0/avr5/memx-const\libgcc.a(_udivmodsi4.o)
                0x0000000000006868                __udivmodsi4

.text.ErrorInit.2940
                0x00000000000068ac       0x42
 .text.ErrorInit.2940
                0x00000000000068ac       0x42 main.o

.text.__pop_float
                0x00000000000068ee       0x40
 .text.__pop_float
                0x00000000000068ee       0x40 c:/program files/microchip/xc8/v2.36/avr/bin/../lib/gcc/avr/5.4.0/../../../../avr/lib/avr5/memx-const\libc.a(__pop_float.o)
                0x00000000000068ee                __pop_float_needed
                0x00000000000068ee                __pop_float

.text.ungetc    0x000000000000692e       0x3e
 .text.ungetc   0x000000000000692e       0x3e c:/program files/microchip/xc8/v2.36/avr/bin/../lib/gcc/avr/5.4.0/../../../../avr/lib/avr5/memx-const\libc.a(fgetc.o)
                0x000000000000692e                ungetc

.text.libgcc.builtins
                0x000000000000696c       0x3c
 .text.libgcc.builtins
                0x000000000000696c       0x3c c:/program files/microchip/xc8/v2.36/avr/bin/../lib/gcc/avr/5.4.0/avr5/memx-const\libgcc.a(_ashrdi3.o)
                0x000000000000696c                __ashrdi3
                0x0000000000006970                __lshrdi3

.text.SUART_Init
                0x00000000000069a8       0x38
 .text.SUART_Init
                0x00000000000069a8       0x38 main.o
                0x00000000000069a8                SUART_Init

.text.libgcc.prologue
                0x00000000000069e0       0x38
 .text.libgcc.prologue
                0x00000000000069e0       0x38 c:/program files/microchip/xc8/v2.36/avr/bin/../lib/gcc/avr/5.4.0/avr5/memx-const\libgcc.a(_prologue.o)
                0x00000000000069e0                __prologue_saves__

.text.E2        0x0000000000006a18       0x36
 .text.E2       0x0000000000006a18       0x36 main.o
                0x0000000000006a18                E2

.text.E3        0x0000000000006a4e       0x36
 .text.E3       0x0000000000006a4e       0x36 main.o
                0x0000000000006a4e                E3

.text.E4        0x0000000000006a84       0x36
 .text.E4       0x0000000000006a84       0x36 main.o
                0x0000000000006a84                E4

.text.E5        0x0000000000006aba       0x36
 .text.E5       0x0000000000006aba       0x36 main.o
                0x0000000000006aba                E5

.text.E6        0x0000000000006af0       0x36
 .text.E6       0x0000000000006af0       0x36 main.o
                0x0000000000006af0                E6

.text.E7        0x0000000000006b26       0x36
 .text.E7       0x0000000000006b26       0x36 main.o
                0x0000000000006b26                E7

.text.E8        0x0000000000006b5c       0x36
 .text.E8       0x0000000000006b5c       0x36 main.o
                0x0000000000006b5c                E8

.text.E9        0x0000000000006b92       0x36
 .text.E9       0x0000000000006b92       0x36 main.o
                0x0000000000006b92                E9

.text.E10       0x0000000000006bc8       0x36
 .text.E10      0x0000000000006bc8       0x36 main.o
                0x0000000000006bc8                E10

.text.E11       0x0000000000006bfe       0x36
 .text.E11      0x0000000000006bfe       0x36 main.o
                0x0000000000006bfe                E11

.text.libgcc.prologue
                0x0000000000006c34       0x36
 .text.libgcc.prologue
                0x0000000000006c34       0x36 c:/program files/microchip/xc8/v2.36/avr/bin/../lib/gcc/avr/5.4.0/avr5/memx-const\libgcc.a(_epilogue.o)
                0x0000000000006c34                __epilogue_restores__

.text.clear     0x0000000000006c6a       0x32
 .text.clear    0x0000000000006c6a       0x32 main.o
                0x0000000000006c6a                clear

.text.clearInit
                0x0000000000006c9c       0x32
 .text.clearInit
                0x0000000000006c9c       0x32 main.o
                0x0000000000006c9c                clearInit

.text.strcat    0x0000000000006cce       0x32
 .text.strcat   0x0000000000006cce       0x32 c:/program files/microchip/xc8/v2.36/avr/bin/../lib/gcc/avr/5.4.0/../../../../avr/lib/avr5/memx-const\libc.a(strcat.o)
                0x0000000000006cce                strcat

.text.__vfscanf
                0x0000000000006d00       0x30
 .text.__vfscanf
                0x0000000000006d00       0x30 c:/program files/microchip/xc8/v2.36/avr/bin/../lib/gcc/avr/5.4.0/../../../../avr/lib/avr5/memx-const\libc.a(__int_vfscanf.o)
                0x0000000000006d00                __vfscanf

.text.__vfprintf
                0x0000000000006d30       0x30
 .text.__vfprintf
                0x0000000000006d30       0x30 c:/program files/microchip/xc8/v2.36/avr/bin/../lib/gcc/avr/5.4.0/../../../../avr/lib/avr5/memx-const\libc.a(__int_vfprintf.o)
                0x0000000000006d30                __vfprintf

.text.init_lcd  0x0000000000006d60       0x2e
 .text.init_lcd
                0x0000000000006d60       0x2e main.o
                0x0000000000006d60                init_lcd

.text.libgcc.div
                0x0000000000006d8e       0x2e
 .text.libgcc.div
                0x0000000000006d8e       0x2e c:/program files/microchip/xc8/v2.36/avr/bin/../lib/gcc/avr/5.4.0/avr5/memx-const\libgcc.a(_divmodsi4.o)
                0x0000000000006d8e                __divmodsi4

.text.WriteCom  0x0000000000006dbc       0x2c
 .text.WriteCom
                0x0000000000006dbc       0x2c main.o
                0x0000000000006dbc                WriteCom

.text.WriteData
                0x0000000000006de8       0x2c
 .text.WriteData
                0x0000000000006de8       0x2c main.o
                0x0000000000006de8                WriteData

.text.gotoxy    0x0000000000006e14       0x2c
 .text.gotoxy   0x0000000000006e14       0x2c main.o
                0x0000000000006e14                gotoxy

.text.SUART_PutChar
                0x0000000000006e40       0x2c
 .text.SUART_PutChar
                0x0000000000006e40       0x2c main.o
                0x0000000000006e40                SUART_PutChar

.text.SUART_PutStr
                0x0000000000006e6c       0x2c
 .text.SUART_PutStr
                0x0000000000006e6c       0x2c main.o
                0x0000000000006e6c                SUART_PutStr

.text.strlen    0x0000000000006e98       0x2c
 .text.strlen   0x0000000000006e98       0x2c c:/program files/microchip/xc8/v2.36/avr/bin/../lib/gcc/avr/5.4.0/../../../../avr/lib/avr5/memx-const\libc.a(strlen.o)
                0x0000000000006e98                strlen

.text.libgcc.div
                0x0000000000006ec4       0x28
 .text.libgcc.div
                0x0000000000006ec4       0x28 c:/program files/microchip/xc8/v2.36/avr/bin/../lib/gcc/avr/5.4.0/avr5/memx-const\libgcc.a(_divmodhi4.o)
                0x0000000000006ec4                _div
                0x0000000000006ec4                __divmodhi4

.text.libgcc.div
                0x0000000000006eec       0x28
 .text.libgcc.div
                0x0000000000006eec       0x28 c:/program files/microchip/xc8/v2.36/avr/bin/../lib/gcc/avr/5.4.0/avr5/memx-const\libgcc.a(_udivmodhi4.o)
                0x0000000000006eec                __udivmodhi4

.text.isxdigit  0x0000000000006f14       0x28
 .text.isxdigit
                0x0000000000006f14       0x28 c:/program files/microchip/xc8/v2.36/avr/bin/../lib/gcc/avr/5.4.0/../../../../avr/lib/avr5/memx-const\libc.a(isxdigit.o)
                0x0000000000006f14                isxdigit

.text.isalnum   0x0000000000006f3c       0x28
 .text.isalnum  0x0000000000006f3c       0x28 c:/program files/microchip/xc8/v2.36/avr/bin/../lib/gcc/avr/5.4.0/../../../../avr/lib/avr5/memx-const\libc.a(isalnum.o)
                0x0000000000006f3c                isalnum

.text.__wrap_sprintf
                0x0000000000006f64       0x26
 .text.__wrap_sprintf
                0x0000000000006f64       0x26 c:/program files/microchip/xc8/v2.36/avr/bin/../lib/gcc/avr/5.4.0/../../../../avr/lib/avr5/memx-const\libc.a(__sio_sprintf_doux.o)
                0x0000000000006f64                _sprintf_cdnopuxX

.text.WriteXY   0x0000000000006f8a       0x22
 .text.WriteXY  0x0000000000006f8a       0x22 main.o
                0x0000000000006f8a                WriteXY

.text           0x0000000000006fac       0x22
 .text          0x0000000000006fac       0x22 c:/program files/microchip/xc8/v2.36/avr/bin/../lib/gcc/avr/5.4.0/../../../../avr/lib/avr5/memx-const\libm.a(fp_round.o)
                0x0000000000006fac                __fp_round

.text.libgcc.mul
                0x0000000000006fce       0x20
 .text.libgcc.mul
                0x0000000000006fce       0x20 c:/program files/microchip/xc8/v2.36/avr/bin/../lib/gcc/avr/5.4.0/avr5/memx-const\libgcc.a(_mulsi3.o)
                0x0000000000006fce                __mulsi3

.text.libgcc    0x0000000000006fee       0x20
 .text.libgcc   0x0000000000006fee       0x20 c:/program files/microchip/xc8/v2.36/avr/bin/../lib/gcc/avr/5.4.0/avr5/memx-const\libgcc.a(_negdi2.o)
                0x0000000000006fee                __negdi2

.text.E1        0x000000000000700e       0x1e
 .text.E1       0x000000000000700e       0x1e main.o
                0x000000000000700e                E1

.text.libgcc.mul
                0x000000000000702c       0x1e
 .text.libgcc.mul
                0x000000000000702c       0x1e c:/program files/microchip/xc8/v2.36/avr/bin/../lib/gcc/avr/5.4.0/avr5/memx-const\libgcc.a(_umulhisi3.o)
                0x000000000000702c                __umulhisi3

.text.strcpy    0x000000000000704a       0x1c
 .text.strcpy   0x000000000000704a       0x1c c:/program files/microchip/xc8/v2.36/avr/bin/../lib/gcc/avr/5.4.0/../../../../avr/lib/avr5/memx-const\libc.a(strcpy.o)
                0x000000000000704a                strcpy

.text.libgcc.div
                0x0000000000007066       0x1c
 .text.libgcc.div
                0x0000000000007066       0x1c c:/program files/microchip/xc8/v2.36/avr/bin/../lib/gcc/avr/5.4.0/avr5/memx-const\libgcc.a(_udivdi3.o)
                0x0000000000007066                __umoddi3
                0x000000000000706a                __udivdi3
                0x000000000000706c                __udivdi3_umoddi3

.text.libgcc    0x0000000000007082       0x1a
 .text.libgcc   0x0000000000007082       0x1a c:/program files/microchip/xc8/v2.36/avr/bin/../lib/gcc/avr/5.4.0/avr5/memx-const\libgcc.a(_movmemx.o)
                0x0000000000007082                __movmemx_qi
                0x0000000000007084                __movmemx_hi

.text.avrlibc   0x000000000000709c       0x1a
 .text.avrlibc  0x000000000000709c       0x1a C:/Program Files (x86)/Atmel/Studio/7.0/Packs/atmel/ATmega_DFP/1.7.374/xc8/avr/lib/avr5/memx-const\libatmega64.a(eewr_byte.o)
                0x000000000000709c                eeprom_write_byte
                0x000000000000709e                eeprom_write_r18

.text.__vsprintf
                0x00000000000070b6       0x18
 .text.__vsprintf
                0x00000000000070b6       0x18 c:/program files/microchip/xc8/v2.36/avr/bin/../lib/gcc/avr/5.4.0/../../../../avr/lib/avr5/memx-const\libc.a(__int_vsprintf.o)
                0x00000000000070b6                __vsprintf

.text.libgcc    0x00000000000070ce       0x18
 .text.libgcc   0x00000000000070ce       0x18 c:/program files/microchip/xc8/v2.36/avr/bin/../lib/gcc/avr/5.4.0/avr5/memx-const\libgcc.a(_cmpdi2_s8.o)
                0x00000000000070ce                __cmpdi2_s8

.text.libgcc.mul
                0x00000000000070e6       0x16
 .text.libgcc.mul
                0x00000000000070e6       0x16 c:/program files/microchip/xc8/v2.36/avr/bin/../lib/gcc/avr/5.4.0/avr5/memx-const\libgcc.a(_muluhisi3.o)
                0x00000000000070e6                __muluhisi3

.text.exit      0x00000000000070fc       0x16
 .text.exit     0x00000000000070fc       0x16 c:/program files/microchip/xc8/v2.36/avr/bin/../lib/gcc/avr/5.4.0/../../../../avr/lib/avr5/memx-const\libc.a(exit.o)
                0x00000000000070fc                exit

.text.memset    0x0000000000007112       0x12
 .text.memset   0x0000000000007112       0x12 c:/program files/microchip/xc8/v2.36/avr/bin/../lib/gcc/avr/5.4.0/../../../../avr/lib/avr5/memx-const\libc.a(memset.o)
                0x0000000000007112                memset

.text.toupper   0x0000000000007124       0x12
 .text.toupper  0x0000000000007124       0x12 c:/program files/microchip/xc8/v2.36/avr/bin/../lib/gcc/avr/5.4.0/../../../../avr/lib/avr5/memx-const\libc.a(toupper.o)
                0x0000000000007124                toupper

.text.avrlibc   0x0000000000007136       0x12
 .text.avrlibc  0x0000000000007136       0x12 C:/Program Files (x86)/Atmel/Studio/7.0/Packs/atmel/ATmega_DFP/1.7.374/xc8/avr/lib/avr5/memx-const\libatmega64.a(eerd_byte.o)
                0x0000000000007136                eeprom_read_byte

.text.libgcc.mul
                0x0000000000007148       0x12
 .text.libgcc.mul
                0x0000000000007148       0x12 c:/program files/microchip/xc8/v2.36/avr/bin/../lib/gcc/avr/5.4.0/avr5/memx-const\libgcc.a(_muldi3_6.o)
                0x0000000000007148                __muldi3_6

.text.libgcc    0x000000000000715a       0x12
 .text.libgcc   0x000000000000715a       0x12 c:/program files/microchip/xc8/v2.36/avr/bin/../lib/gcc/avr/5.4.0/avr5/memx-const\libgcc.a(_adddi3.o)
                0x000000000000715a                __adddi3

.text.libgcc    0x000000000000716c       0x12
 .text.libgcc   0x000000000000716c       0x12 c:/program files/microchip/xc8/v2.36/avr/bin/../lib/gcc/avr/5.4.0/avr5/memx-const\libgcc.a(_cmpdi2.o)
                0x000000000000716c                __cmpdi2

.text.libgcc.div
                0x000000000000717e       0x10
 .text.libgcc.div
                0x000000000000717e       0x10 c:/program files/microchip/xc8/v2.36/avr/bin/../lib/gcc/avr/5.4.0/avr5/memx-const\libgcc.a(_negsi2.o)
                0x000000000000717e                __negsi2

.text.tolower   0x000000000000718e       0x10
 .text.tolower  0x000000000000718e       0x10 c:/program files/microchip/xc8/v2.36/avr/bin/../lib/gcc/avr/5.4.0/../../../../avr/lib/avr5/memx-const\libc.a(tolower.o)
                0x000000000000718e                tolower

.text           0x000000000000719e        0xe
 .text          0x000000000000719e        0xe c:/program files/microchip/xc8/v2.36/avr/bin/../lib/gcc/avr/5.4.0/../../../../avr/lib/avr5/memx-const\libm.a(fp_pscA.o)
                0x000000000000719e                __fp_pscA

.text           0x00000000000071ac        0xe
 .text          0x00000000000071ac        0xe c:/program files/microchip/xc8/v2.36/avr/bin/../lib/gcc/avr/5.4.0/../../../../avr/lib/avr5/memx-const\libm.a(fp_pscB.o)
                0x00000000000071ac                __fp_pscB

.text           0x00000000000071ba        0xe
 .text          0x00000000000071ba        0xe c:/program files/microchip/xc8/v2.36/avr/bin/../lib/gcc/avr/5.4.0/../../../../avr/lib/avr5/memx-const\libm.a(fp_zero.o)
                0x00000000000071ba                __fp_zero
                0x00000000000071bc                __fp_szero

.text           0x00000000000071c8        0xc
 .text          0x00000000000071c8        0xc c:/program files/microchip/xc8/v2.36/avr/bin/../lib/gcc/avr/5.4.0/../../../../avr/lib/avr5/memx-const\libm.a(fp_inf.o)
                0x00000000000071c8                __fp_inf

.text.strtoll   0x00000000000071d4        0xc
 .text.strtoll  0x00000000000071d4        0xc c:/program files/microchip/xc8/v2.36/avr/bin/../lib/gcc/avr/5.4.0/../../../../avr/lib/avr5/memx-const\libc.a(strtoll.o)
                0x00000000000071d4                strtoll

.text.strtoull  0x00000000000071e0        0xc
 .text.strtoull
                0x00000000000071e0        0xc c:/program files/microchip/xc8/v2.36/avr/bin/../lib/gcc/avr/5.4.0/../../../../avr/lib/avr5/memx-const\libc.a(strtoull.o)
                0x00000000000071e0                strtoull

.text.SUART_FlushInBuf
                0x00000000000071ec        0xa
 .text.SUART_FlushInBuf
                0x00000000000071ec        0xa main.o
                0x00000000000071ec                SUART_FlushInBuf

.text           0x00000000000071f6        0xa
 .text          0x00000000000071f6        0xa c:/program files/microchip/xc8/v2.36/avr/bin/../lib/gcc/avr/5.4.0/../../../../avr/lib/avr5/memx-const\libm.a(cmpsf2.o)
                0x00000000000071f6                __nesf2
                0x00000000000071f6                __eqsf2
                0x00000000000071f6                __cmpsf2
                0x00000000000071f6                __ltsf2
                0x00000000000071f6                __lesf2

.text           0x0000000000007200        0xa
 .text          0x0000000000007200        0xa c:/program files/microchip/xc8/v2.36/avr/bin/../lib/gcc/avr/5.4.0/../../../../avr/lib/avr5/memx-const\libm.a(gesf2.o)
                0x0000000000007200                __gesf2
                0x0000000000007200                __gtsf2

.text.ADC_Init  0x000000000000720a        0x8
 .text.ADC_Init
                0x000000000000720a        0x8 main.o
                0x000000000000720a                ADC_Init

.text           0x0000000000007212        0x8
 .text          0x0000000000007212        0x8 c:/program files/microchip/xc8/v2.36/avr/bin/../lib/gcc/avr/5.4.0/../../../../avr/lib/avr5/memx-const\libm.a(divsf3.o)
                0x0000000000007212                __divsf3

.text           0x000000000000721a        0x6
 .text          0x000000000000721a        0x6 c:/program files/microchip/xc8/v2.36/avr/bin/../lib/gcc/avr/5.4.0/../../../../avr/lib/avr5/memx-const\libm.a(fp_nan.o)
                0x000000000000721a                __fp_nan

.text.__dummy_fmt4
                0x0000000000007220        0x6
 .text.__dummy_fmt4
                0x0000000000007220        0x6 c:/program files/microchip/xc8/v2.36/avr/bin/../lib/gcc/avr/5.4.0/../../../../avr/lib/avr5/memx-const\libc.a(__printf_core.o)
                0x0000000000007220                __fmt_fp
                0x0000000000007220                __fmt_a

.text.__dummy_scan
                0x0000000000007226        0x6
 .text.__dummy_scan
                0x0000000000007226        0x6 c:/program files/microchip/xc8/v2.36/avr/bin/../lib/gcc/avr/5.4.0/../../../../avr/lib/avr5/memx-const\libc.a(__scanf_core.o)
                0x0000000000007226                __scan_fp
                0x0000000000007226                __scan_a

.text           0x000000000000722c        0x4
 .text          0x000000000000722c        0x4 C:/Program Files (x86)/Atmel/Studio/7.0/Packs/atmel/ATmega_DFP/1.7.374/xc8/avr/lib/avr5/memx-const/crtatmega64.o
                0x000000000000722c                __vector_22
                0x000000000000722c                __vector_28
                0x000000000000722c                __vector_1
                0x000000000000722c                __vector_32
                0x000000000000722c                __vector_34
                0x000000000000722c                __vector_24
                0x000000000000722c                __bad_interrupt
                0x000000000000722c                __vector_6
                0x000000000000722c                __vector_31
                0x000000000000722c                __vector_3
                0x000000000000722c                __vector_23
                0x000000000000722c                __vector_30
                0x000000000000722c                __vector_25
                0x000000000000722c                __vector_11
                0x000000000000722c                __vector_13
                0x000000000000722c                __vector_17
                0x000000000000722c                __vector_19
                0x000000000000722c                __vector_7
                0x000000000000722c                __vector_27
                0x000000000000722c                __vector_5
                0x000000000000722c                __vector_33
                0x000000000000722c                __vector_4
                0x000000000000722c                __vector_9
                0x000000000000722c                __vector_2
                0x000000000000722c                __vector_21
                0x000000000000722c                __vector_15
                0x000000000000722c                __vector_29
                0x000000000000722c                __vector_8
                0x000000000000722c                __vector_26
                0x000000000000722c                __vector_14
                0x000000000000722c                __vector_10
                0x000000000000722c                __vector_18
                0x000000000000722c                __vector_20

.text._Exit     0x0000000000007230        0x4
 .text._Exit    0x0000000000007230        0x4 c:/program files/microchip/xc8/v2.36/avr/bin/../lib/gcc/avr/5.4.0/../../../../avr/lib/avr5/memx-const\libc.a(_Exit.o)
                0x0000000000007230                _Exit

.text.__dummy_fini
                0x0000000000007234        0x2
 .text.__dummy_fini
                0x0000000000007234        0x2 c:/program files/microchip/xc8/v2.36/avr/bin/../lib/gcc/avr/5.4.0/../../../../avr/lib/avr5/memx-const\libc.a(exit.o)
                0x0000000000007234                _fini

.text.__dummy_funcs_on_exit
                0x0000000000007236        0x2
 .text.__dummy_funcs_on_exit
                0x0000000000007236        0x2 c:/program files/microchip/xc8/v2.36/avr/bin/../lib/gcc/avr/5.4.0/../../../../avr/lib/avr5/memx-const\libc.a(exit.o)
                0x0000000000007236                __funcs_on_exit

.text.__dummy_simulator_exit
                0x0000000000007238        0x2
 .text.__dummy_simulator_exit
                0x0000000000007238        0x2 c:/program files/microchip/xc8/v2.36/avr/bin/../lib/gcc/avr/5.4.0/../../../../avr/lib/avr5/memx-const\libc.a(exit.o)
                0x0000000000007238                __simulator_exit

.data.cursor_lan
                0x000000000080014f        0x2 load address 0x000000000000723a
 .data.cursor_lan
                0x000000000080014f        0x2 main.o
                0x000000000080014f                cursor_lan

.data.cursor    0x0000000000800151        0x2 load address 0x000000000000723c
 .data.cursor   0x0000000000800151        0x2 main.o
                0x0000000000800151                cursor

.data.window    0x0000000000800153        0x2 load address 0x000000000000723e
 .data.window   0x0000000000800153        0x2 main.o
                0x0000000000800153                window

.data.Time      0x000000000080015d        0x2 load address 0x0000000000007240
 .data.Time     0x000000000080015d        0x2 main.o
                0x000000000080015d                Time
